Microchip MPLAB XC8 Compiler V2.46

Linker command line:

-W-3 \
  --edf=C:\Program Files\Microchip\xc8\v2.46\pic\dat\20240104201356_en.msgs \
  -cn -h+dist/default/production\PBLE02.X.production.sym \
  --cmf=dist/default/production\PBLE02.X.production.cmf -z -Q18F4550 \
  -oC:\Users\lfljp\AppData\Local\Temp\xcAsd3s.\driver_tmp_3.o \
  --defsym=__MPLAB_BUILD=1 --fixupoverflow=error \
  -Mdist/default/production/PBLE02.X.production.map \
  --md=C:\Users\lfljp\AppData\Local\Temp\xcAsd3s.\driver_tmp_0.dat -E1 \
  -ver=XC8 Compiler --acfsm=1493 -ACODE=00h-07FFFh -ACONST=00h-07FFFh \
  -ASMALLCONST=0800h-08FFhx120 -AMEDIUMCONST=0800h-07FFFh -ACOMRAM=01h-05Fh \
  -AABS1=00h-07FFh -ABIGRAM=01h-07FFh -ARAM=060h-0FFh,0100h-01FFhx7 \
  -ABANK0=060h-0FFh -ABANK1=0100h-01FFh -ABANK2=0200h-02FFh \
  -ABANK3=0300h-03FFh -ABANK4=0400h-04FFh -ABANK5=0500h-05FFh \
  -ABANK6=0600h-06FFh -ABANK7=0700h-07FFh -ASFR=0F60h-0FFFh \
  -ABIGSFR=0F60h-0FFFh -ACONFIG=0300000h-030000Dh -AIDLOC=0200000h-0200007h \
  -AEEDATA=0F00000h-0F000FFh -peeprom_data=EEDATA \
  -preset_vec=00h,intcode,sivt_hi,intcodelo,sivt_lo,powerup,init \
  -pramtop=0800h -psmallconst=SMALLCONST -pmediumconst=MEDIUMCONST \
  -pconst=CONST -AFARRAM=00h-00h \
  -prdata=COMRAM,nvrram=COMRAM,nvbit=COMRAM,rbss=COMRAM,rbit=COMRAM \
  -pfarbss=FARRAM,fardata=FARRAM,nvFARRAM=FARRAM \
  -pintsave_regs=BIGRAM,bigbss=BIGRAM,bigdata=BIGRAM -pbss=RAM \
  -pidata=CODE,irdata=CODE,ibigdata=CODE,ifardata=CODE -prparam=COMRAM \
  C:\Users\lfljp\AppData\Local\Temp\xcAsd3s.\driver_tmp_9.o \
  dist/default/production\PBLE02.X.production.o 

Object code version is 3.11

Machine type is 18F4550



                Name                               Link     Load   Length Selector   Space Scale
C:\Users\lfljp\AppData\Local\Temp\xcAsd3s.\driver_tmp_9.o
                config                           300000   300000        8        0       4
                init                                  0        0        4        0       0
dist/default/production\PBLE02.X.production.o
                config                           300000   300000        8        0       4
                smallconst                          800      800       90      400       0
                text50                             1DD2     1DD2        A      448       0
                text49                             1DC4     1DC4        E      448       0
                text48                             15CA     15CA       A4      448       0
                text47                             1BDE     1BDE       2E      448       0
                text46                             1D9C     1D9C       18      448       0
                text45                             1DF8     1DF8        6      EF6       0
                text44                             16E6     16E6       78      448       0
                text43                             199E     199E       48      448       0
                text42                             166E     166E       78      448       0
                text41                             1DF2     1DF2        6      EF6       0
                text40                             1D6A     1D6A       1A      448       0
                text39                             1D04     1D04       26      448       0
                text38                             1E02     1E02        4      EF6       0
                text37                             1C0C     1C0C       2C      448       0
                text36                             1E06     1E06        2      EF6       0
                text35                              D3A      D3A      24E      448       0
                text34                              AEC      AEC      24E      448       0
                text33                             1C8C     1C8C       2A      448       0
                text32                             1102     1102      16A      448       0
                text31                             1AE2     1AE2       38      448       0
                text30                             1AAA     1AAA       38      448       0
                text29                             1B50     1B50       32      448       0
                text28                             1C62     1C62       2A      448       0
                text27                             1A2C     1A2C       46      448       0
                text26                             1BB0     1BB0       2E      448       0
                text25                             17BE     17BE       58      448       0
                text24                             175E     175E       60      448       0
                text23                             1B82     1B82       2E      448       0
                text22                             1CDE     1CDE       26      448       0
                text21                             1D84     1D84       18      448       0
                text20                             1456     1456       C4      448       0
                text19                             151A     151A       B0      448       0
                text18                             18BC     18BC       50      448       0
                text17                             1956     1956       48      448       0
                text16                              890      890      25C      448       0
                text15                             1816     1816       54      448       0
                text14                             19E6     19E6       46      448       0
                text13                             1D4C     1D4C       1E      448       0
                text12                             126C     126C       FA      448       0
                text11                             186A     186A       52      448       0
                text10                             1DFE     1DFE        4      EF6       0
                text9                              1DB4     1DB4       10      448       0
                text8                              1A72     1A72       38      448       0
                text7                              190C     190C       4A      448       0
                text6                              1366     1366       F0      448       0
                text5                              1DDC     1DDC        8      448       0
                text4                               F88      F88      17A      448       0
                text3                              1C38     1C38       2A      448       0
                text2                              1DEC     1DEC        6      EF6       0
                text1                              1D2A     1D2A       22      448       0
                text0                              1CB6     1CB6       28      448       0
                cstackCOMRAM                          1        1       30        1       1
                dataCOMRAM                           4C       4C        7        1       1
                bssCOMRAM                            31       31       1B        1       1
                cinit                              1B1A     1B1A       36      448       0
                idataCOMRAM                        1DE4     1DE4        7      448       0

TOTAL           Name                               Link     Load   Length     Space
        CLASS   CODE           
                init                                  0        0        4         0
                text50                             1DD2     1DD2        A         0
                text49                             1DC4     1DC4        E         0
                text48                             15CA     15CA       A4         0
                text47                             1BDE     1BDE       2E         0
                text46                             1D9C     1D9C       18         0
                text45                             1DF8     1DF8        6         0
                text44                             16E6     16E6       78         0
                text43                             199E     199E       48         0
                text42                             166E     166E       78         0
                text41                             1DF2     1DF2        6         0
                text40                             1D6A     1D6A       1A         0
                text39                             1D04     1D04       26         0
                text38                             1E02     1E02        4         0
                text37                             1C0C     1C0C       2C         0
                text36                             1E06     1E06        2         0
                text35                              D3A      D3A      24E         0
                text34                              AEC      AEC      24E         0
                text33                             1C8C     1C8C       2A         0
                text32                             1102     1102      16A         0
                text31                             1AE2     1AE2       38         0
                text30                             1AAA     1AAA       38         0
                text29                             1B50     1B50       32         0
                text28                             1C62     1C62       2A         0
                text27                             1A2C     1A2C       46         0
                text26                             1BB0     1BB0       2E         0
                text25                             17BE     17BE       58         0
                text24                             175E     175E       60         0
                text23                             1B82     1B82       2E         0
                text22                             1CDE     1CDE       26         0
                text21                             1D84     1D84       18         0
                text20                             1456     1456       C4         0
                text19                             151A     151A       B0         0
                text18                             18BC     18BC       50         0
                text17                             1956     1956       48         0
                text16                              890      890      25C         0
                text15                             1816     1816       54         0
                text14                             19E6     19E6       46         0
                text13                             1D4C     1D4C       1E         0
                text12                             126C     126C       FA         0
                text11                             186A     186A       52         0
                text10                             1DFE     1DFE        4         0
                text9                              1DB4     1DB4       10         0
                text8                              1A72     1A72       38         0
                text7                              190C     190C       4A         0
                text6                              1366     1366       F0         0
                text5                              1DDC     1DDC        8         0
                text4                               F88      F88      17A         0
                text3                              1C38     1C38       2A         0
                text2                              1DEC     1DEC        6         0
                text1                              1D2A     1D2A       22         0
                text0                              1CB6     1CB6       28         0
                cinit                              1B1A     1B1A       36         0
                idataCOMRAM                        1DE4     1DE4        7         0

        CLASS   CONST          

        CLASS   SMALLCONST     
                smallconst                          800      800       90         0

        CLASS   MEDIUMCONST    

        CLASS   COMRAM         
                cstackCOMRAM                          1        1       30         1
                dataCOMRAM                           4C       4C        7         1
                bssCOMRAM                            31       31       1B         1

        CLASS   ABS1           

        CLASS   BIGRAM         

        CLASS   RAM            

        CLASS   BANK0          

        CLASS   BANK1          

        CLASS   BANK2          

        CLASS   BANK3          

        CLASS   BANK4          

        CLASS   BANK5          

        CLASS   BANK6          

        CLASS   BANK7          

        CLASS   SFR            

        CLASS   BIGSFR         

        CLASS   CONFIG         
                config                           300000   300000        8         4

        CLASS   IDLOC          

        CLASS   EEDATA         

        CLASS   FARRAM         

        CLASS   HEAP           

        CLASS   STACK          



SEGMENTS        Name                           Load    Length   Top    Selector   Space  Class

                reset_vec                      000000  000004  000004         0       0  CODE    
                cstackCOMRAM                   000001  000052  000053         1       1  COMRAM  
                smallconst                     000800  000090  000890       400       0  SMALLCON
                text16                         000890  00155B  001DEB       448       0  CODE    
                text2                          001DEC  00001C  001E08       EF6       0  CODE    


UNUSED ADDRESS RANGES

        Name                Unused          Largest block    Delta
        BANK0            000060-0000FF               A0
        BANK1            000100-0001FF              100
        BANK2            000200-0002FF              100
        BANK3            000300-0003FF              100
        BANK4            000400-0004FF              100
        BANK5            000500-0005FF              100
        BANK6            000600-0006FF              100
        BANK7            000700-0007FF              100
        BIGRAM           000053-0007FF              7AD
        BIGSFR           000F60-000FFF               A0
        CODE             000004-0007FF              7FC
                         001DEB-001DEB                1
                         001E08-007FFF             61F8
        COMRAM           000053-00005F                D
        CONFIG           300008-30000D                6
        CONST            000004-0007FF              7FC
                         001DEB-001DEB                1
                         001E08-007FFF             61F8
        EEDATA           F00000-F000FF              100
        IDLOC            200000-200007                8
        MEDIUMCONST      001DEB-001DEB                1
                         001E08-007FFF             61F8
        RAM              000060-0007FF              100
        SFR              000F60-000FFF               A0
        SMALLCONST       001DEB-001DEB                1
                         001E08-007FFF              100

                                  Symbol Table

?___awdiv                   cstackCOMRAM 000001
?___awmod                   cstackCOMRAM 000009
?___wmul                    cstackCOMRAM 000001
?_dec2bcd                   cstackCOMRAM 00000F
?_digitalRead               cstackCOMRAM 000001
?_dsReadData                cstackCOMRAM 00000E
?_eventRead                 cstackCOMRAM 00001F
?_getAlarmLevel             cstackCOMRAM 000019
?_getTime                   cstackCOMRAM 000013
Delay2ms@j                  cstackCOMRAM 000001
Delay2ms@k                  cstackCOMRAM 000002
Delay40us@j                 cstackCOMRAM 000001
_ADCON1                     (abs)        000FC1
_BAUDCON                    (abs)        000FB8
_Delay2ms                   text47       001BDE
_Delay40us                  text46       001D9C
_I2C_delay                  text36       001E06
_PIR1                       (abs)        000F9E
_PORTA                      (abs)        000F80
_PORTB                      (abs)        000F81
_PORTC                      (abs)        000F82
_PORTD                      (abs)        000F83
_PORTE                      (abs)        000F84
_RCREG                      (abs)        000FAE
_RCSTA                      (abs)        000FAB
_SPBRG                      (abs)        000FAF
_SPBRGH                     (abs)        000FB0
_TRISA                      (abs)        000F92
_TRISB                      (abs)        000F93
_TRISC                      (abs)        000F94
_TRISD                      (abs)        000F95
_TRISE                      (abs)        000F96
_TXREG                      (abs)        000FAD
_TXSTA                      (abs)        000FAC
__HRAM                      (abs)        000000
__H__absolute__             __absolute__ 000000
__Habs1                     abs1         000000
__Hbank0                    bank0        000000
__Hbank1                    bank1        000000
__Hbank2                    bank2        000000
__Hbank3                    bank3        000000
__Hbank4                    bank4        000000
__Hbank5                    bank5        000000
__Hbank6                    bank6        000000
__Hbank7                    bank7        000000
__Hbigbss                   bigbss       000000
__Hbigdata                  bigdata      000000
__Hbigram                   bigram       000000
__Hbigsfr                   bigsfr       000000
__Hbss                      bss          000000
__HbssCOMRAM                bssCOMRAM    000000
__Hcinit                    cinit        000000
__Hclrtext                  clrtext      000000
__Hcomram                   comram       000000
__Hconfig                   config       300008
__Hconst                    const        000000
__HcstackCOMRAM             cstackCOMRAM 000000
__Hdata                     data         000000
__HdataCOMRAM               dataCOMRAM   000000
__Heeprom_data              eeprom_data  000000
__Hfarbss                   farbss       000000
__Hfardata                  fardata      000000
__Hheap                     heap         000000
__Hibigdata                 ibigdata     000000
__Hidata                    idata        000000
__HidataCOMRAM              idataCOMRAM  000000
__Hidloc                    idloc        000000
__Hifardata                 ifardata     000000
__Hinit                     init         000004
__Hintcode                  intcode      000000
__Hintcode_body             intcode_body 000000
__Hintcodelo                intcodelo    000000
__Hintentry                 intentry     000000
__Hintret                   intret       000000
__Hintsave_regs             intsave_regs 000000
__Hirdata                   irdata       000000
__Hmediumconst              mediumconst  000000
__HnvFARRAM                 nvFARRAM     000000
__Hnvbit                    nvbit        000000
__Hnvrram                   nvrram       000000
__Hparam                    rparam       000000
__Hpowerup                  powerup      000000
__Hram                      ram          000000
__Hramtop                   ramtop       000800
__Hrbit                     rbit         000000
__Hrbss                     rbss         000000
__Hrdata                    rdata        000000
__Hreset_vec                reset_vec    000000
__Hrparam                   rparam       000000
__Hsfr                      sfr          000000
__Hsivt_hi                  sivt_hi      000000
__Hsivt_lo                  sivt_lo      000000
__Hsmallconst               smallconst   000890
__Hspace_0                  (abs)        001E08
__Hspace_1                  (abs)        000053
__Hspace_2                  (abs)        000000
__Hspace_4                  (abs)        600008
__Hstack                    stack        000000
__Hstruct                   struct       000000
__Htemp                     temp         000000
__Htext                     text         000000
__Htext0                    text0        000000
__Htext1                    text1        000000
__Htext10                   text10       000000
__Htext11                   text11       000000
__Htext12                   text12       000000
__Htext13                   text13       000000
__Htext14                   text14       000000
__Htext15                   text15       000000
__Htext16                   text16       000000
__Htext17                   text17       000000
__Htext18                   text18       000000
__Htext19                   text19       000000
__Htext2                    text2        000000
__Htext20                   text20       000000
__Htext21                   text21       000000
__Htext22                   text22       000000
__Htext23                   text23       000000
__Htext24                   text24       000000
__Htext25                   text25       000000
__Htext26                   text26       000000
__Htext27                   text27       000000
__Htext28                   text28       000000
__Htext29                   text29       000000
__Htext3                    text3        000000
__Htext30                   text30       000000
__Htext31                   text31       000000
__Htext32                   text32       000000
__Htext33                   text33       000000
__Htext34                   text34       000000
__Htext35                   text35       000000
__Htext36                   text36       000000
__Htext37                   text37       000000
__Htext38                   text38       000000
__Htext39                   text39       000000
__Htext4                    text4        000000
__Htext40                   text40       000000
__Htext41                   text41       000000
__Htext42                   text42       000000
__Htext43                   text43       000000
__Htext44                   text44       000000
__Htext45                   text45       000000
__Htext46                   text46       000000
__Htext47                   text47       000000
__Htext48                   text48       000000
__Htext49                   text49       000000
__Htext5                    text5        000000
__Htext50                   text50       000000
__Htext6                    text6        000000
__Htext7                    text7        000000
__Htext8                    text8        000000
__Htext9                    text9        000000
__LRAM                      (abs)        000001
__L__absolute__             __absolute__ 000000
__Labs1                     abs1         000000
__Lbank0                    bank0        000000
__Lbank1                    bank1        000000
__Lbank2                    bank2        000000
__Lbank3                    bank3        000000
__Lbank4                    bank4        000000
__Lbank5                    bank5        000000
__Lbank6                    bank6        000000
__Lbank7                    bank7        000000
__Lbigbss                   bigbss       000000
__Lbigdata                  bigdata      000000
__Lbigram                   bigram       000000
__Lbigsfr                   bigsfr       000000
__Lbss                      bss          000000
__LbssCOMRAM                bssCOMRAM    000000
__Lcinit                    cinit        000000
__Lclrtext                  clrtext      000000
__Lcomram                   comram       000000
__Lconfig                   config       000000
__Lconst                    const        000000
__LcstackCOMRAM             cstackCOMRAM 000000
__Ldata                     data         000000
__LdataCOMRAM               dataCOMRAM   000000
__Leeprom_data              eeprom_data  000000
__Lfarbss                   farbss       000000
__Lfardata                  fardata      000000
__Lheap                     heap         000000
__Libigdata                 ibigdata     000000
__Lidata                    idata        000000
__LidataCOMRAM              idataCOMRAM  000000
__Lidloc                    idloc        000000
__Lifardata                 ifardata     000000
__Linit                     init         000000
__Lintcode                  intcode      000000
__Lintcode_body             intcode_body 000000
__Lintcodelo                intcodelo    000000
__Lintentry                 intentry     000000
__Lintret                   intret       000000
__Lintsave_regs             intsave_regs 000000
__Lirdata                   irdata       000000
__Lmediumconst              mediumconst  000000
__LnvFARRAM                 nvFARRAM     000000
__Lnvbit                    nvbit        000000
__Lnvrram                   nvrram       000000
__Lparam                    rparam       000000
__Lpowerup                  powerup      000000
__Lram                      ram          000000
__Lramtop                   ramtop       000800
__Lrbit                     rbit         000000
__Lrbss                     rbss         000000
__Lrdata                    rdata        000000
__Lreset_vec                reset_vec    000000
__Lrparam                   rparam       000000
__Lsfr                      sfr          000000
__Lsivt_hi                  sivt_hi      000000
__Lsivt_lo                  sivt_lo      000000
__Lsmallconst               smallconst   000800
__Lspace_0                  (abs)        000000
__Lspace_1                  (abs)        000000
__Lspace_2                  (abs)        000000
__Lspace_4                  (abs)        000000
__Lstack                    stack        000000
__Lstruct                   struct       000000
__Ltemp                     temp         000000
__Ltext                     text         000000
__Ltext0                    text0        000000
__Ltext1                    text1        000000
__Ltext10                   text10       000000
__Ltext11                   text11       000000
__Ltext12                   text12       000000
__Ltext13                   text13       000000
__Ltext14                   text14       000000
__Ltext15                   text15       000000
__Ltext16                   text16       000000
__Ltext17                   text17       000000
__Ltext18                   text18       000000
__Ltext19                   text19       000000
__Ltext2                    text2        000000
__Ltext20                   text20       000000
__Ltext21                   text21       000000
__Ltext22                   text22       000000
__Ltext23                   text23       000000
__Ltext24                   text24       000000
__Ltext25                   text25       000000
__Ltext26                   text26       000000
__Ltext27                   text27       000000
__Ltext28                   text28       000000
__Ltext29                   text29       000000
__Ltext3                    text3        000000
__Ltext30                   text30       000000
__Ltext31                   text31       000000
__Ltext32                   text32       000000
__Ltext33                   text33       000000
__Ltext34                   text34       000000
__Ltext35                   text35       000000
__Ltext36                   text36       000000
__Ltext37                   text37       000000
__Ltext38                   text38       000000
__Ltext39                   text39       000000
__Ltext4                    text4        000000
__Ltext40                   text40       000000
__Ltext41                   text41       000000
__Ltext42                   text42       000000
__Ltext43                   text43       000000
__Ltext44                   text44       000000
__Ltext45                   text45       000000
__Ltext46                   text46       000000
__Ltext47                   text47       000000
__Ltext48                   text48       000000
__Ltext49                   text49       000000
__Ltext5                    text5        000000
__Ltext50                   text50       000000
__Ltext6                    text6        000000
__Ltext7                    text7        000000
__Ltext8                    text8        000000
__Ltext9                    text9        000000
__S0                        (abs)        001E08
__S1                        (abs)        000053
__S4                        (abs)        000000
__S5                        (abs)        000000
___awdiv                    text20       001456
___awdiv@counter            cstackCOMRAM 000005
___awdiv@dividend           cstackCOMRAM 000001
___awdiv@divisor            cstackCOMRAM 000003
___awdiv@quotient           cstackCOMRAM 000007
___awdiv@sign               cstackCOMRAM 000006
___awmod                    text19       00151A
___awmod@counter            cstackCOMRAM 00000D
___awmod@dividend           cstackCOMRAM 000009
___awmod@divisor            cstackCOMRAM 00000B
___awmod@sign               cstackCOMRAM 00000E
___heap_hi                  (abs)        000000
___heap_lo                  (abs)        000000
___inthi_sp                 stack        000000
___inthi_stack_hi           stack        000000
___inthi_stack_lo           stack        000000
___intlo_sp                 stack        000000
___intlo_stack_hi           stack        000000
___intlo_stack_lo           stack        000000
___param_bank               (abs)        000000
___rparam_used              (abs)        000001
___sp                       stack        000000
___stack_hi                 stack        000000
___stack_lo                 stack        000000
___wmul                     text39       001D04
___wmul@multiplicand        cstackCOMRAM 000003
___wmul@multiplier          cstackCOMRAM 000001
___wmul@product             cstackCOMRAM 000005
__accesstop                 (abs)        000060
__activetblptr              (abs)        000002
__end_of_Delay2ms           text47       001C0C
__end_of_Delay40us          text46       001DB4
__end_of_I2C_delay          text36       001E08
__end_of___awdiv            text20       00151A
__end_of___awmod            text19       0015CA
__end_of___wmul             text39       001D2A
__end_of__initialization    cinit        001B46
__end_of_clear_SCL          text33       001CB6
__end_of_clear_SDA          text28       001C8C
__end_of_dec2bcd            text18       00190C
__end_of_digitalRead        text32       00126C
__end_of_digitalWrite       text35       000F88
__end_of_dsInit             text2        001DF2
__end_of_dsReadData         text14       001A2C
__end_of_dsWriteData        text23       001BB0
__end_of_eventInit          text49       001DD2
__end_of_eventRead          text16       000AEC
__end_of_getAlarmLevel      text11       0018BC
__end_of_getLanguage        text9        001DC4
__end_of_getState           text10       001E02
__end_of_getTime            text8        001AAA
__end_of_i2cInit            text3        001C62
__end_of_i2cReadByte        text15       00186A
__end_of_i2cWriteByte       text24       0017BE
__end_of_i2c_read_bit       text29       001B82
__end_of_i2c_start          text27       001A72
__end_of_i2c_stop           text26       001BDE
__end_of_i2c_write_bit      text25       001816
__end_of_kpDebounce         text48       00166E
__end_of_kpInit             text50       001DDC
__end_of_kpRead             text38       001E06
__end_of_lcdCommand         text43       0019E6
__end_of_lcdCommand4bits    text44       00175E
__end_of_lcdData            text13       001D6A
__end_of_lcdInit            text42       0016E6
__end_of_lcdInt             text12       001366
__end_of_lcdString          text7        001956
__end_of_main               text0        001CDE
__end_of_outputInit         text41       001DF8
__end_of_outputPrint        text6        001456
__end_of_pinMode            text34       000D3A
__end_of_pulseEnable        text45       001DFE
__end_of_read_SCL           text31       001B1A
__end_of_read_SDA           text30       001AE2
__end_of_serialInit         text40       001D84
__end_of_serialRead         text37       001C38
__end_of_setAlarmLevel      text22       001D04
__end_of_setLanguage        text21       001D9C
__end_of_setState           text5        001DE4
__end_of_setTime            text17       00199E
__end_of_smLoop             text4        001102
__end_of_varInit            text1        001D4C
__initialization            cinit        001B1A
__mediumconst               mediumconst  000000
__pbssCOMRAM                bssCOMRAM    000031
__pcinit                    cinit        001B1A
__pcstackCOMRAM             cstackCOMRAM 000001
__pdataCOMRAM               dataCOMRAM   00004C
__pidataCOMRAM              idataCOMRAM  001DE4
__psmallconst               smallconst   000800
__ptext0                    text0        001CB6
__ptext1                    text1        001D2A
__ptext10                   text10       001DFE
__ptext11                   text11       00186A
__ptext12                   text12       00126C
__ptext13                   text13       001D4C
__ptext14                   text14       0019E6
__ptext15                   text15       001816
__ptext16                   text16       000890
__ptext17                   text17       001956
__ptext18                   text18       0018BC
__ptext19                   text19       00151A
__ptext2                    text2        001DEC
__ptext20                   text20       001456
__ptext21                   text21       001D84
__ptext22                   text22       001CDE
__ptext23                   text23       001B82
__ptext24                   text24       00175E
__ptext25                   text25       0017BE
__ptext26                   text26       001BB0
__ptext27                   text27       001A2C
__ptext28                   text28       001C62
__ptext29                   text29       001B50
__ptext3                    text3        001C38
__ptext30                   text30       001AAA
__ptext31                   text31       001AE2
__ptext32                   text32       001102
__ptext33                   text33       001C8C
__ptext34                   text34       000AEC
__ptext35                   text35       000D3A
__ptext36                   text36       001E06
__ptext37                   text37       001C0C
__ptext38                   text38       001E02
__ptext39                   text39       001D04
__ptext4                    text4        000F88
__ptext40                   text40       001D6A
__ptext41                   text41       001DF2
__ptext42                   text42       00166E
__ptext43                   text43       00199E
__ptext44                   text44       0016E6
__ptext45                   text45       001DF8
__ptext46                   text46       001D9C
__ptext47                   text47       001BDE
__ptext48                   text48       0015CA
__ptext49                   text49       001DC4
__ptext5                    text5        001DDC
__ptext50                   text50       001DD2
__ptext6                    text6        001366
__ptext7                    text7        00190C
__ptext8                    text8        001A72
__ptext9                    text9        001DB4
__ramtop                    ramtop       000800
__smallconst                smallconst   000800
_clear_SCL                  text33       001C8C
_clear_SDA                  text28       001C62
_dec2bcd                    text18       0018BC
_digitalRead                text32       001102
_digitalWrite               text35       000D3A
_dsInit                     text2        001DEC
_dsReadData                 text14       0019E6
_dsWriteData                text23       001B82
_eventInit                  text49       001DC4
_eventRead                  text16       000890
_getAlarmLevel              text11       00186A
_getLanguage                text9        001DB4
_getState                   text10       001DFE
_getTime                    text8        001A72
_i2cInit                    text3        001C38
_i2cReadByte                text15       001816
_i2cWriteByte               text24       00175E
_i2c_read_bit               text29       001B50
_i2c_start                  text27       001A2C
_i2c_stop                   text26       001BB0
_i2c_write_bit              text25       0017BE
_key_ant                    bssCOMRAM    00003A
_kpDebounce                 text48       0015CA
_kpInit                     text50       001DD2
_kpRead                     text38       001E02
_language                   bssCOMRAM    000044
_lcdCommand                 text43       00199E
_lcdCommand4bits            text44       0016E6
_lcdData                    text13       001D4C
_lcdInit                    text42       00166E
_lcdInt                     text12       00126C
_lcdString                  text7        00190C
_main                       text0        001CB6
_msgs                       dataCOMRAM   00004C
_outputInit                 text41       001DF2
_outputPrint                text6        001366
_pinMode                    text34       000AEC
_pulseEnable                text45       001DF8
_read_SCL                   text31       001AE2
_read_SDA                   text30       001AAA
_reading_protocol           bssCOMRAM    000047
_serialInit                 text40       001D6A
_serialRead                 text37       001C0C
_setAlarmLevel              text22       001CDE
_setLanguage                text21       001D84
_setState                   text5        001DDC
_setTime                    text17       001956
_smLoop                     text4        000F88
_smLoop$1081                cstackCOMRAM 00002E
_started                    bssCOMRAM    000048
_state                      bssCOMRAM    000045
_tecla                      bssCOMRAM    00004B
_varInit                    text1        001D2A
dec2bcd@value               cstackCOMRAM 00000F
digitalRead@pin             cstackCOMRAM 000001
digitalWrite@pin            cstackCOMRAM 000001
digitalWrite@value          cstackCOMRAM 000003
dsReadData@address          cstackCOMRAM 00000E
dsReadData@result           cstackCOMRAM 000011
dsWriteData@address         cstackCOMRAM 00000C
dsWriteData@value           cstackCOMRAM 00000E
end_of_initialization       cinit        001B46
eventRead@data              bssCOMRAM    000046
eventRead@ev                cstackCOMRAM 000029
eventRead@key               cstackCOMRAM 00002B
eventRead@msg               bssCOMRAM    000031
getAlarmLevel@a             bssCOMRAM    00003F
getAlarmLevel@b             bssCOMRAM    00003E
getTime@a                   bssCOMRAM    000043
getTime@b                   bssCOMRAM    000042
i2cReadByte@bit             cstackCOMRAM 00000B
i2cReadByte@byte            cstackCOMRAM 00000D
i2cReadByte@nack            cstackCOMRAM 00000A
i2cReadByte@send_stop       cstackCOMRAM 000008
i2cWriteByte@bit            cstackCOMRAM 00000B
i2cWriteByte@byte           cstackCOMRAM 000009
i2cWriteByte@send_start     cstackCOMRAM 00000A
i2cWriteByte@send_stop      cstackCOMRAM 000008
i2c_read_bit@bit            cstackCOMRAM 000007
i2c_write_bit@bit           cstackCOMRAM 000007
intlevel0                   text         000000
intlevel1                   text         000000
intlevel2                   text         000000
intlevel3                   text         000000
isa$std                     (abs)        000001
isa$xinst                   (abs)        000000
kpDebounce@teclaNew         bssCOMRAM    000049
kpDebounce@teclaOld         dataCOMRAM   000052
kpDebounce@tempo            bssCOMRAM    00004A
lcdCommand4bits@cmd         cstackCOMRAM 000002
lcdCommand4bits@data        cstackCOMRAM 000001
lcdCommand@cmd              cstackCOMRAM 000003
lcdData@valor               cstackCOMRAM 000003
lcdInit@i                   cstackCOMRAM 000004
lcdInt@val                  cstackCOMRAM 000017
lcdString@i                 cstackCOMRAM 000006
lcdString@msg               cstackCOMRAM 000004
outputPrint@idioma          cstackCOMRAM 00001B
outputPrint@numTela         cstackCOMRAM 000019
pinMode@pin                 cstackCOMRAM 000001
pinMode@type                cstackCOMRAM 000003
serialRead@resp             cstackCOMRAM 000001
setAlarmLevel@a             bssCOMRAM    00003D
setAlarmLevel@b             bssCOMRAM    00003C
setAlarmLevel@newAlarmLevel cstackCOMRAM 00001D
setLanguage@newLanguage     cstackCOMRAM 00000F
setState@newState           cstackCOMRAM 000001
setTime@a                   bssCOMRAM    000041
setTime@b                   bssCOMRAM    000040
setTime@newTime             cstackCOMRAM 000017
smLoop@evento               cstackCOMRAM 000030
stackhi                     (abs)        000000
stacklo                     (abs)        000000
start                       init         000000
start_initialization        cinit        001B1A


MODULE INFORMATION

Module		Function		Class		Link	Load	Size
serial.c
		_serialInit    		CODE           	1D6A	0000	26
		_serialRead    		CODE           	1C0C	0000	44

serial.c estimated size: 70

stateMachine.c
		_smLoop        		CODE           	0F88	0000	378

stateMachine.c estimated size: 378

keypad.c
		_kpInit        		CODE           	1DD2	0000	10
		_kpDebounce    		CODE           	15CA	0000	164
		_kpRead        		CODE           	1E02	0000	4

keypad.c estimated size: 178

C:\Program Files\Microchip\xc8\v2.46\pic\sources\c99\common\awdiv.c
		___awdiv       		CODE           	1456	0000	196

C:\Program Files\Microchip\xc8\v2.46\pic\sources\c99\common\awdiv.c estimated size: 196

var.c
		_getLanguage   		CODE           	1DB4	0000	16
		_setLanguage   		CODE           	1D84	0000	24
		_getAlarmLevel 		CODE           	186A	0000	82
		_varInit       		CODE           	1D2A	0000	34
		_setAlarmLevel 		CODE           	1CDE	0000	38
		_getState      		CODE           	1DFE	0000	4
		_getTime       		CODE           	1A72	0000	56
		_setState      		CODE           	1DDC	0000	8
		_setTime       		CODE           	1956	0000	72

var.c estimated size: 334

io.c
		_digitalRead   		CODE           	1102	0000	362
		_digitalWrite  		CODE           	0D3A	0000	590
		_pinMode       		CODE           	0AEC	0000	590

io.c estimated size: 1542

i2c.c
		_i2c_start     		CODE           	1A2C	0000	70
		_i2cReadByte   		CODE           	1816	0000	84
		_read_SCL      		CODE           	1AE2	0000	56
		_I2C_delay     		CODE           	1E06	0000	2
		_clear_SDA     		CODE           	1C62	0000	42
		_clear_SCL     		CODE           	1C8C	0000	42
		_i2cWriteByte  		CODE           	175E	0000	96
		_i2cInit       		CODE           	1C38	0000	42
		_i2c_stop      		CODE           	1BB0	0000	46
		_i2c_write_bit 		CODE           	17BE	0000	88
		_i2c_read_bit  		CODE           	1B50	0000	50
		_read_SDA      		CODE           	1AAA	0000	56

i2c.c estimated size: 674

ds1307.c
		_dsInit        		CODE           	1DEC	0000	6
		_dec2bcd       		CODE           	18BC	0000	80
		_dsWriteData   		CODE           	1B82	0000	46
		_dsReadData    		CODE           	19E6	0000	70

ds1307.c estimated size: 202

output.c
		_outputPrint   		CODE           	1366	0000	240
		_outputInit    		CODE           	1DF2	0000	6

output.c estimated size: 246

shared
		__initialization		CODE           	1B1A	0000	44

shared estimated size: 44

C:\Program Files\Microchip\xc8\v2.46\pic\sources\c99\common\Umul16.c
		___wmul        		CODE           	1D04	0000	38

C:\Program Files\Microchip\xc8\v2.46\pic\sources\c99\common\Umul16.c estimated size: 38

lcd.c
		_lcdCommand    		CODE           	199E	0000	72
		_pulseEnable   		CODE           	1DF8	0000	6
		_lcdString     		CODE           	190C	0000	74
		_lcdCommand4bits		CODE           	16E6	0000	120
		_Delay40us     		CODE           	1D9C	0000	24
		_lcdInt        		CODE           	126C	0000	250
		_lcdInit       		CODE           	166E	0000	120
		_lcdData       		CODE           	1D4C	0000	30
		_Delay2ms      		CODE           	1BDE	0000	46

lcd.c estimated size: 742

C:\Program Files\Microchip\xc8\v2.46\pic\sources\c99\common\awmod.c
		___awmod       		CODE           	151A	0000	176

C:\Program Files\Microchip\xc8\v2.46\pic\sources\c99\common\awmod.c estimated size: 176

event.c
		_eventRead     		CODE           	0890	0000	604
		_eventInit     		CODE           	1DC4	0000	14

event.c estimated size: 618

main.c
		_main          		CODE           	1CB6	0000	40

main.c estimated size: 40

