Microchip MPLAB XC8 Compiler V2.46

Linker command line:

-W-3 --edf=/opt/microchip/xc8/v2.46/pic/dat/20240104201356_en.msgs -cn \
  -h+dist/default/debug/PBLE02.X.debug.sym \
  --cmf=dist/default/debug/PBLE02.X.debug.cmf -z -Q18F4550 \
  -o/tmp/xcXbPDHJd/driver_tmp_3.o --defsym=__MPLAB_BUILD=1 \
  --fixupoverflow=error -Mdist/default/debug/PBLE02.X.debug.map \
  --md=/tmp/xcXbPDHJd/driver_tmp_0.dat -E1 -ver=XC8 Compiler --acfsm=1493 \
  -ACODE=00h-07D3Fh -ACONST=00h-07D3Fh \
  -ASMALLCONST=0800h-08FFhx117,07D00h-07D3Fh -AMEDIUMCONST=0800h-07D3Fh \
  -ACOMRAM=01h-05Fh -AABS1=00h-03EEh,0400h-07FFh \
  -ABIGRAM=01h-03EEh,0400h-07FFh \
  -ARAM=060h-0FFh,0100h-01FFhx2,0300h-03EEh,0400h-04FFhx4 -ABANK0=060h-0FFh \
  -ABANK1=0100h-01FFh -ABANK2=0200h-02FFh -ABANK3=0300h-03EEh \
  -ABANK4=0400h-04FFh -ABANK5=0500h-05FFh -ABANK6=0600h-06FFh \
  -ABANK7=0700h-07FFh \
  -ASFR=0F60h-0F9Bh,0F9Dh-0FD3h,0FD5h-0FDAh,0FE0h-0FE2h,0FE8h-0FEAh,0FF0h-0FFBh \
  -ABIGSFR=0F60h-0F9Bh,0F9Dh-0FD3h,0FD5h-0FDAh,0FE0h-0FE2h,0FE8h-0FEAh,0FF0h-0FFBh \
  -ACONFIG=0300000h-030000Dh -AIDLOC=0200000h-0200007h \
  -AEEDATA=0F00000h-0F000FFh -peeprom_data=EEDATA \
  -preset_vec=00h,intcode,sivt_hi,intcodelo,sivt_lo,powerup,init \
  -pramtop=0800h -psmallconst=SMALLCONST -pmediumconst=MEDIUMCONST \
  -pconst=CONST -AFARRAM=00h-00h \
  -prdata=COMRAM,nvrram=COMRAM,nvbit=COMRAM,rbss=COMRAM,rbit=COMRAM \
  -pfarbss=FARRAM,fardata=FARRAM,nvFARRAM=FARRAM \
  -pintsave_regs=BIGRAM,bigbss=BIGRAM,bigdata=BIGRAM -pbss=RAM \
  -pidata=CODE,irdata=CODE,ibigdata=CODE,ifardata=CODE -prparam=COMRAM \
  /tmp/xcXbPDHJd/driver_tmp_9.o dist/default/debug/PBLE02.X.debug.o 

Object code version is 3.11

Machine type is 18F4550



                Name                               Link     Load   Length Selector   Space Scale
/tmp/xcXbPDHJd/driver_tmp_9.o
                config                           300000   300000        8        0       4
                init                                  2        2        4        0       0
                reset_vec                             0        0        2        0       0
dist/default/debug/PBLE02.X.debug.o
                config                           300000   300000        8        0       4
                smallconst                          800      800        2      400       0
                text30                             10AC     10AC       B0      401       0
                text29                              FE8      FE8       C4      401       0
                text28                             163E     163E       26      401       0
                text27                             142C     142C       42      401       0
                text26                              A50      A50      24E      401       0
                text25                             15EE     15EE       2A      401       0
                text24                             16A8     16A8        6      401       0
                text23                             16AE     16AE        2      401       0
                text22                              802      802      24E      401       0
                text21                             15C4     15C4       2A      401       0
                text20                              E7E      E7E      16A      401       0
                text19                             14A6     14A6       38      401       0
                text18                             146E     146E       38      401       0
                text17                             14DE     14DE       32      401       0
                text16                             159A     159A       2A      401       0
                text15                             156C     156C       2E      401       0
                text14                             12AC     12AC       58      401       0
                text13                             1304     1304       54      401       0
                text12                             13E6     13E6       46      401       0
                text11                             124C     124C       60      401       0
                text10                             13A0     13A0       46      401       0
                text9                              153E     153E       2E      401       0
                text8                              1618     1618       26      401       0
                text7                              1682     1682       18      401       0
                text6                              16A2     16A2        6      401       0
                text5                              11D4     11D4       78      401       0
                text4                              1664     1664       1E      401       0
                text3                              1510     1510       2E      401       0
                text2                              1358     1358       48      401       0
                text1                              115C     115C       78      401       0
                text0                               C9E      C9E      1E0      401       0
                cstackCOMRAM                          1        1       2C        1       1
                bssCOMRAM                            2D       2D        1        1       1
                cinit                              169A     169A        8      401       0

TOTAL           Name                               Link     Load   Length     Space
        CLASS   CODE           
                init                                  2        2        4         0
                reset_vec                             0        0        2         0
                text30                             10AC     10AC       B0         0
                text29                              FE8      FE8       C4         0
                text28                             163E     163E       26         0
                text27                             142C     142C       42         0
                text26                              A50      A50      24E         0
                text25                             15EE     15EE       2A         0
                text24                             16A8     16A8        6         0
                text23                             16AE     16AE        2         0
                text22                              802      802      24E         0
                text21                             15C4     15C4       2A         0
                text20                              E7E      E7E      16A         0
                text19                             14A6     14A6       38         0
                text18                             146E     146E       38         0
                text17                             14DE     14DE       32         0
                text16                             159A     159A       2A         0
                text15                             156C     156C       2E         0
                text14                             12AC     12AC       58         0
                text13                             1304     1304       54         0
                text12                             13E6     13E6       46         0
                text11                             124C     124C       60         0
                text10                             13A0     13A0       46         0
                text9                              153E     153E       2E         0
                text8                              1618     1618       26         0
                text7                              1682     1682       18         0
                text6                              16A2     16A2        6         0
                text5                              11D4     11D4       78         0
                text4                              1664     1664       1E         0
                text3                              1510     1510       2E         0
                text2                              1358     1358       48         0
                text1                              115C     115C       78         0
                text0                               C9E      C9E      1E0         0
                cinit                              169A     169A        8         0

        CLASS   CONST          

        CLASS   SMALLCONST     
                smallconst                          800      800        2         0

        CLASS   MEDIUMCONST    

        CLASS   COMRAM         
                cstackCOMRAM                          1        1       2C         1
                bssCOMRAM                            2D       2D        1         1

        CLASS   ABS1           

        CLASS   BIGRAM         

        CLASS   RAM            

        CLASS   BANK0          

        CLASS   BANK1          

        CLASS   BANK2          

        CLASS   BANK3          

        CLASS   BANK4          

        CLASS   BANK5          

        CLASS   BANK6          

        CLASS   BANK7          

        CLASS   SFR            

        CLASS   BIGSFR         

        CLASS   CONFIG         
                config                           300000   300000        8         4

        CLASS   IDLOC          

        CLASS   EEDATA         

        CLASS   FARRAM         

        CLASS   HEAP           

        CLASS   STACK          



SEGMENTS        Name                           Load    Length   Top    Selector   Space  Class

                reset_vec                      000000  000006  000006         0       0  CODE    
                cstackCOMRAM                   000001  00002D  00002E         1       1  COMRAM  
                text22                         000802  000EAE  0016B0       401       0  CODE    
                smallconst                     000800  000002  000802       400       0  SMALLCON


UNUSED ADDRESS RANGES

        Name                Unused          Largest block    Delta
        BANK0            000060-0000FF               A0
        BANK1            000100-0001FF              100
        BANK2            000200-0002FF              100
        BANK3            000300-0003EE               EF
        BANK4            000400-0004FF              100
        BANK5            000500-0005FF              100
        BANK6            000600-0006FF              100
        BANK7            000700-0007FF              100
        BIGRAM           00002E-0003EE              3C1
                         000400-0007FF              400
        BIGSFR           000F60-000F9B               3C
                         000F9D-000FD3               37
                         000FD5-000FDA                6
                         000FE0-000FE2                3
                         000FE8-000FEA                3
                         000FF0-000FFB                C
        CODE             000006-0007FF              7FA
                         0016B0-007D3F             6690
        COMRAM           00002E-00005F               32
        CONFIG           300008-30000D                6
        CONST            000006-0007FF              7FA
                         0016B0-007D3F             6690
        EEDATA           F00000-F000FF              100
        IDLOC            200000-200007                8
        MEDIUMCONST      0016B0-007D3F             6690
        RAM              000060-0003EE              100
                         000400-0007FF              100
        SFR              000F60-000F9B               3C
                         000F9D-000FD3               37
                         000FD5-000FDA                6
                         000FE0-000FE2                3
                         000FE8-000FEA                3
                         000FF0-000FFB                C
        SMALLCONST       0016B0-007D3F              100

                                  Symbol Table

?___awdiv                cstackCOMRAM 000013
?___awmod                cstackCOMRAM 000025
?___wmul                 cstackCOMRAM 00001B
?_bcd2dec                cstackCOMRAM 000021
?_digitalRead            cstackCOMRAM 000001
?_dsReadData             cstackCOMRAM 00000E
Delay2ms@j               cstackCOMRAM 000001
Delay2ms@k               cstackCOMRAM 000002
Delay40us@j              cstackCOMRAM 000001
_ADCON1                  (abs)        000FC1
_BAUDCON                 (abs)        000FB8
_Delay2ms                text3        001510
_Delay40us               text7        001682
_I2C_delay               text23       0016AE
_PIR1                    (abs)        000F9E
_PORTA                   (abs)        000F80
_PORTB                   (abs)        000F81
_PORTC                   (abs)        000F82
_PORTD                   (abs)        000F83
_PORTE                   (abs)        000F84
_RCREG                   (abs)        000FAE
_RCSTA                   (abs)        000FAB
_SPBRG                   (abs)        000FAF
_SPBRGH                  (abs)        000FB0
_TRISA                   (abs)        000F92
_TRISB                   (abs)        000F93
_TRISC                   (abs)        000F94
_TRISD                   (abs)        000F95
_TRISE                   (abs)        000F96
_TXREG                   (abs)        000FAD
_TXSTA                   (abs)        000FAC
__HRAM                   (abs)        000000
__H__absolute__          __absolute__ 000000
__Habs1                  abs1         000000
__Hbank0                 bank0        000000
__Hbank1                 bank1        000000
__Hbank2                 bank2        000000
__Hbank3                 bank3        000000
__Hbank4                 bank4        000000
__Hbank5                 bank5        000000
__Hbank6                 bank6        000000
__Hbank7                 bank7        000000
__Hbigbss                bigbss       000000
__Hbigdata               bigdata      000000
__Hbigram                bigram       000000
__Hbigsfr                bigsfr       000000
__Hbss                   bss          000000
__HbssCOMRAM             bssCOMRAM    000000
__Hcinit                 cinit        000000
__Hclrtext               clrtext      000000
__Hcomram                comram       000000
__Hconfig                config       300008
__Hconst                 const        000000
__HcstackCOMRAM          cstackCOMRAM 000000
__Hdata                  data         000000
__Heeprom_data           eeprom_data  000000
__Hfarbss                farbss       000000
__Hfardata               fardata      000000
__Hheap                  heap         000000
__Hibigdata              ibigdata     000000
__Hidata                 idata        000000
__Hidloc                 idloc        000000
__Hifardata              ifardata     000000
__Hinit                  init         000006
__Hintcode               intcode      000002
__Hintcode_body          intcode_body 000000
__Hintcodelo             intcodelo    000002
__Hintentry              intentry     000000
__Hintret                intret       000000
__Hintsave_regs          intsave_regs 000000
__Hirdata                irdata       000000
__Hmediumconst           mediumconst  000000
__HnvFARRAM              nvFARRAM     000000
__Hnvbit                 nvbit        000000
__Hnvrram                nvrram       000000
__Hparam                 rparam       000000
__Hpowerup               powerup      000002
__Hram                   ram          000000
__Hramtop                ramtop       000800
__Hrbit                  rbit         000000
__Hrbss                  rbss         000000
__Hrdata                 rdata        000000
__Hreset_vec             reset_vec    000002
__Hrparam                rparam       000000
__Hsfr                   sfr          000000
__Hsivt_hi               sivt_hi      000002
__Hsivt_lo               sivt_lo      000002
__Hsmallconst            smallconst   000802
__Hspace_0               (abs)        0016B0
__Hspace_1               (abs)        00002E
__Hspace_2               (abs)        000000
__Hspace_4               (abs)        600008
__Hstack                 stack        000000
__Hstruct                struct       000000
__Htemp                  temp         000000
__Htext                  text         000000
__Htext0                 text0        000000
__Htext1                 text1        000000
__Htext10                text10       000000
__Htext11                text11       000000
__Htext12                text12       000000
__Htext13                text13       000000
__Htext14                text14       000000
__Htext15                text15       000000
__Htext16                text16       000000
__Htext17                text17       000000
__Htext18                text18       000000
__Htext19                text19       000000
__Htext2                 text2        000000
__Htext20                text20       000000
__Htext21                text21       000000
__Htext22                text22       000000
__Htext23                text23       000000
__Htext24                text24       000000
__Htext25                text25       000000
__Htext26                text26       000000
__Htext27                text27       000000
__Htext28                text28       000000
__Htext29                text29       000000
__Htext3                 text3        000000
__Htext30                text30       000000
__Htext4                 text4        000000
__Htext5                 text5        000000
__Htext6                 text6        000000
__Htext7                 text7        000000
__Htext8                 text8        000000
__Htext9                 text9        000000
__LRAM                   (abs)        000001
__L__absolute__          __absolute__ 000000
__Labs1                  abs1         000000
__Lbank0                 bank0        000000
__Lbank1                 bank1        000000
__Lbank2                 bank2        000000
__Lbank3                 bank3        000000
__Lbank4                 bank4        000000
__Lbank5                 bank5        000000
__Lbank6                 bank6        000000
__Lbank7                 bank7        000000
__Lbigbss                bigbss       000000
__Lbigdata               bigdata      000000
__Lbigram                bigram       000000
__Lbigsfr                bigsfr       000000
__Lbss                   bss          000000
__LbssCOMRAM             bssCOMRAM    000000
__Lcinit                 cinit        000000
__Lclrtext               clrtext      000000
__Lcomram                comram       000000
__Lconfig                config       000000
__Lconst                 const        000000
__LcstackCOMRAM          cstackCOMRAM 000000
__Ldata                  data         000000
__Leeprom_data           eeprom_data  000000
__Lfarbss                farbss       000000
__Lfardata               fardata      000000
__Lheap                  heap         000000
__Libigdata              ibigdata     000000
__Lidata                 idata        000000
__Lidloc                 idloc        000000
__Lifardata              ifardata     000000
__Linit                  init         000002
__Lintcode               intcode      000002
__Lintcode_body          intcode_body 000000
__Lintcodelo             intcodelo    000002
__Lintentry              intentry     000000
__Lintret                intret       000000
__Lintsave_regs          intsave_regs 000000
__Lirdata                irdata       000000
__Lmediumconst           mediumconst  000000
__LnvFARRAM              nvFARRAM     000000
__Lnvbit                 nvbit        000000
__Lnvrram                nvrram       000000
__Lparam                 rparam       000000
__Lpowerup               powerup      000002
__Lram                   ram          000000
__Lramtop                ramtop       000800
__Lrbit                  rbit         000000
__Lrbss                  rbss         000000
__Lrdata                 rdata        000000
__Lreset_vec             reset_vec    000000
__Lrparam                rparam       000000
__Lsfr                   sfr          000000
__Lsivt_hi               sivt_hi      000002
__Lsivt_lo               sivt_lo      000002
__Lsmallconst            smallconst   000800
__Lspace_0               (abs)        000000
__Lspace_1               (abs)        000000
__Lspace_2               (abs)        000000
__Lspace_4               (abs)        000000
__Lstack                 stack        000000
__Lstruct                struct       000000
__Ltemp                  temp         000000
__Ltext                  text         000000
__Ltext0                 text0        000000
__Ltext1                 text1        000000
__Ltext10                text10       000000
__Ltext11                text11       000000
__Ltext12                text12       000000
__Ltext13                text13       000000
__Ltext14                text14       000000
__Ltext15                text15       000000
__Ltext16                text16       000000
__Ltext17                text17       000000
__Ltext18                text18       000000
__Ltext19                text19       000000
__Ltext2                 text2        000000
__Ltext20                text20       000000
__Ltext21                text21       000000
__Ltext22                text22       000000
__Ltext23                text23       000000
__Ltext24                text24       000000
__Ltext25                text25       000000
__Ltext26                text26       000000
__Ltext27                text27       000000
__Ltext28                text28       000000
__Ltext29                text29       000000
__Ltext3                 text3        000000
__Ltext30                text30       000000
__Ltext4                 text4        000000
__Ltext5                 text5        000000
__Ltext6                 text6        000000
__Ltext7                 text7        000000
__Ltext8                 text8        000000
__Ltext9                 text9        000000
__S0                     (abs)        0016B0
__S1                     (abs)        00002E
__S4                     (abs)        000000
__S5                     (abs)        000000
___awdiv                 text29       000FE8
___awdiv@counter         cstackCOMRAM 000017
___awdiv@dividend        cstackCOMRAM 000013
___awdiv@divisor         cstackCOMRAM 000015
___awdiv@quotient        cstackCOMRAM 000019
___awdiv@sign            cstackCOMRAM 000018
___awmod                 text30       0010AC
___awmod@counter         cstackCOMRAM 000029
___awmod@dividend        cstackCOMRAM 000025
___awmod@divisor         cstackCOMRAM 000027
___awmod@sign            cstackCOMRAM 00002A
___heap_hi               (abs)        000000
___heap_lo               (abs)        000000
___inthi_sp              stack        000000
___inthi_stack_hi        stack        000000
___inthi_stack_lo        stack        000000
___intlo_sp              stack        000000
___intlo_stack_hi        stack        000000
___intlo_stack_lo        stack        000000
___param_bank            (abs)        000000
___rparam_used           (abs)        000001
___sp                    stack        000000
___stack_hi              stack        000000
___stack_lo              stack        000000
___wmul                  text28       00163E
___wmul@multiplicand     cstackCOMRAM 00001D
___wmul@multiplier       cstackCOMRAM 00001B
___wmul@product          cstackCOMRAM 00001F
__accesstop              (abs)        000060
__activetblptr           (abs)        000000
__end_of_Delay2ms        text3        00153E
__end_of_Delay40us       text7        00169A
__end_of_I2C_delay       text23       0016B0
__end_of___awdiv         text29       0010AC
__end_of___awmod         text30       00115C
__end_of___wmul          text28       001664
__end_of__initialization cinit        00169C
__end_of_bcd2dec         text27       00146E
__end_of_clear_SCL       text21       0015EE
__end_of_clear_SDA       text16       0015C4
__end_of_digitalRead     text20       000FE8
__end_of_digitalWrite    text22       000A50
__end_of_dsInit          text24       0016AE
__end_of_dsReadData      text10       0013E6
__end_of_dsStartClock    text8        00163E
__end_of_dsWriteData     text9        00156C
__end_of_i2cInit         text25       001618
__end_of_i2cReadByte     text13       001358
__end_of_i2cWriteByte    text11       0012AC
__end_of_i2c_read_bit    text17       001510
__end_of_i2c_start       text12       00142C
__end_of_i2c_stop        text15       00159A
__end_of_i2c_write_bit   text14       001304
__end_of_lcdCommand      text2        0013A0
__end_of_lcdCommand4bits text5        00124C
__end_of_lcdData         text4        001682
__end_of_lcdInit         text1        0011D4
__end_of_main            text0        000E7E
__end_of_pinMode         text26       000C9E
__end_of_pulseEnable     text6        0016A8
__end_of_read_SCL        text19       0014DE
__end_of_read_SDA        text18       0014A6
__initialization         cinit        00169A
__mediumconst            mediumconst  000000
__pbssCOMRAM             bssCOMRAM    00002D
__pcinit                 cinit        00169A
__pcstackCOMRAM          cstackCOMRAM 000001
__psmallconst            smallconst   000800
__ptext0                 text0        000C9E
__ptext1                 text1        00115C
__ptext10                text10       0013A0
__ptext11                text11       00124C
__ptext12                text12       0013E6
__ptext13                text13       001304
__ptext14                text14       0012AC
__ptext15                text15       00156C
__ptext16                text16       00159A
__ptext17                text17       0014DE
__ptext18                text18       00146E
__ptext19                text19       0014A6
__ptext2                 text2        001358
__ptext20                text20       000E7E
__ptext21                text21       0015C4
__ptext22                text22       000802
__ptext23                text23       0016AE
__ptext24                text24       0016A8
__ptext25                text25       0015EE
__ptext26                text26       000A50
__ptext27                text27       00142C
__ptext28                text28       00163E
__ptext29                text29       000FE8
__ptext3                 text3        001510
__ptext30                text30       0010AC
__ptext4                 text4        001664
__ptext5                 text5        0011D4
__ptext6                 text6        0016A2
__ptext7                 text7        001682
__ptext8                 text8        001618
__ptext9                 text9        00153E
__ramtop                 ramtop       000800
__smallconst             smallconst   000800
_bcd2dec                 text27       00142C
_clear_SCL               text21       0015C4
_clear_SDA               text16       00159A
_digitalRead             text20       000E7E
_digitalWrite            text22       000802
_dsInit                  text24       0016A8
_dsReadData              text10       0013A0
_dsStartClock            text8        001618
_dsWriteData             text9        00153E
_i2cInit                 text25       0015EE
_i2cReadByte             text13       001304
_i2cWriteByte            text11       00124C
_i2c_read_bit            text17       0014DE
_i2c_start               text12       0013E6
_i2c_stop                text15       00156C
_i2c_write_bit           text14       0012AC
_lcdCommand              text2        001358
_lcdCommand4bits         text5        0011D4
_lcdData                 text4        001664
_lcdInit                 text1        00115C
_main                    text0        000C9E
_main$908                cstackCOMRAM 00002B
_pinMode                 text26       000A50
_pulseEnable             text6        0016A2
_read_SCL                text19       0014A6
_read_SDA                text18       00146E
_started                 bssCOMRAM    00002D
bcd2dec@value            cstackCOMRAM 000021
digitalRead@pin          cstackCOMRAM 000001
digitalWrite@pin         cstackCOMRAM 000001
digitalWrite@value       cstackCOMRAM 000003
dsReadData@address       cstackCOMRAM 00000E
dsReadData@result        cstackCOMRAM 000011
dsStartClock@seconds     cstackCOMRAM 000013
dsWriteData@address      cstackCOMRAM 00000C
dsWriteData@value        cstackCOMRAM 00000E
end_of_initialization    cinit        00169C
i2cReadByte@bit          cstackCOMRAM 00000B
i2cReadByte@byte         cstackCOMRAM 00000D
i2cReadByte@nack         cstackCOMRAM 00000A
i2cReadByte@send_stop    cstackCOMRAM 000008
i2cWriteByte@bit         cstackCOMRAM 00000B
i2cWriteByte@byte        cstackCOMRAM 000009
i2cWriteByte@send_start  cstackCOMRAM 00000A
i2cWriteByte@send_stop   cstackCOMRAM 000008
i2c_read_bit@bit         cstackCOMRAM 000007
i2c_write_bit@bit        cstackCOMRAM 000007
intlevel0                text         000000
intlevel1                text         000000
intlevel2                text         000000
intlevel3                text         000000
isa$std                  (abs)        000001
isa$xinst                (abs)        000000
lcdCommand4bits@cmd      cstackCOMRAM 000002
lcdCommand4bits@data     cstackCOMRAM 000001
lcdCommand@cmd           cstackCOMRAM 000003
lcdData@valor            cstackCOMRAM 000003
lcdInit@i                cstackCOMRAM 000004
pinMode@pin              cstackCOMRAM 000001
pinMode@type             cstackCOMRAM 000003
stackhi                  (abs)        000000
stacklo                  (abs)        000000
start                    init         000002
start_initialization     cinit        00169A


MODULE INFORMATION

Module		Function		Class		Link	Load	Size
/opt/microchip/xc8/v2.46/pic/sources/c99/common/awmod.c
		___awmod       		CODE           	10AC	0000	176

/opt/microchip/xc8/v2.46/pic/sources/c99/common/awmod.c estimated size: 176

/opt/microchip/xc8/v2.46/pic/sources/c99/common/Umul16.c
		___wmul        		CODE           	163E	0000	38

/opt/microchip/xc8/v2.46/pic/sources/c99/common/Umul16.c estimated size: 38

io.c
		_digitalRead   		CODE           	0E7E	0000	362
		_digitalWrite  		CODE           	0802	0000	590
		_pinMode       		CODE           	0A50	0000	590

io.c estimated size: 1542

i2c.c
		_i2c_start     		CODE           	13E6	0000	70
		_i2cReadByte   		CODE           	1304	0000	84
		_read_SCL      		CODE           	14A6	0000	56
		_I2C_delay     		CODE           	16AE	0000	2
		_clear_SDA     		CODE           	159A	0000	42
		_clear_SCL     		CODE           	15C4	0000	42
		_i2cWriteByte  		CODE           	124C	0000	96
		_i2cInit       		CODE           	15EE	0000	42
		_i2c_stop      		CODE           	156C	0000	46
		_i2c_write_bit 		CODE           	12AC	0000	88
		_i2c_read_bit  		CODE           	14DE	0000	50
		_read_SDA      		CODE           	146E	0000	56

i2c.c estimated size: 674

/opt/microchip/xc8/v2.46/pic/sources/c99/common/awdiv.c
		___awdiv       		CODE           	0FE8	0000	196

/opt/microchip/xc8/v2.46/pic/sources/c99/common/awdiv.c estimated size: 196

ds1307.c
		_dsInit        		CODE           	16A8	0000	6
		_dsWriteData   		CODE           	153E	0000	46
		_dsReadData    		CODE           	13A0	0000	70
		_bcd2dec       		CODE           	142C	0000	66
		_dsStartClock  		CODE           	1618	0000	38

ds1307.c estimated size: 226

shared
		__initialization		CODE           	169A	0000	2

shared estimated size: 2

lcd.c
		_lcdCommand    		CODE           	1358	0000	72
		_pulseEnable   		CODE           	16A2	0000	6
		_lcdCommand4bits		CODE           	11D4	0000	120
		_Delay40us     		CODE           	1682	0000	24
		_lcdInit       		CODE           	115C	0000	120
		_lcdData       		CODE           	1664	0000	30
		_Delay2ms      		CODE           	1510	0000	46

lcd.c estimated size: 418

main.c
		_main          		CODE           	0C9E	0000	480

main.c estimated size: 480

