Microchip MPLAB XC8 Compiler V2.46

Linker command line:

-W-3 \
  --edf=C:\Program Files\Microchip\xc8\v2.46\pic\dat\20240104201356_en.msgs \
  -cn -h+dist/default/debug\PBLE02.X.debug.sym \
  --cmf=dist/default/debug\PBLE02.X.debug.cmf -z -Q18F4550 \
  -oC:\Users\lfljp\AppData\Local\Temp\xcAsbis.\driver_tmp_3.o \
  --defsym=__MPLAB_BUILD=1 --fixupoverflow=error \
  -Mdist/default/debug/PBLE02.X.debug.map \
  --md=C:\Users\lfljp\AppData\Local\Temp\xcAsbis.\driver_tmp_0.dat -E1 \
  -ver=XC8 Compiler --acfsm=1493 -ACODE=00h-07D3Fh -ACONST=00h-07D3Fh \
  -ASMALLCONST=0800h-08FFhx117,07D00h-07D3Fh -AMEDIUMCONST=0800h-07D3Fh \
  -ACOMRAM=01h-05Fh -AABS1=00h-03EEh,0400h-07FFh \
  -ABIGRAM=01h-03EEh,0400h-07FFh \
  -ARAM=060h-0FFh,0100h-01FFhx2,0300h-03EEh,0400h-04FFhx4 -ABANK0=060h-0FFh \
  -ABANK1=0100h-01FFh -ABANK2=0200h-02FFh -ABANK3=0300h-03EEh \
  -ABANK4=0400h-04FFh -ABANK5=0500h-05FFh -ABANK6=0600h-06FFh \
  -ABANK7=0700h-07FFh \
  -ASFR=0F60h-0F9Bh,0F9Dh-0FD3h,0FD5h-0FDAh,0FE0h-0FE2h,0FE8h-0FEAh,0FF0h-0FFBh \
  -ABIGSFR=0F60h-0F9Bh,0F9Dh-0FD3h,0FD5h-0FDAh,0FE0h-0FE2h,0FE8h-0FEAh,0FF0h-0FFBh \
  -ACONFIG=0300000h-030000Dh -AIDLOC=0200000h-0200007h \
  -AEEDATA=0F00000h-0F000FFh -peeprom_data=EEDATA \
  -preset_vec=00h,intcode,sivt_hi,intcodelo,sivt_lo,powerup,init \
  -pramtop=0800h -psmallconst=SMALLCONST -pmediumconst=MEDIUMCONST \
  -pconst=CONST -AFARRAM=00h-00h \
  -prdata=COMRAM,nvrram=COMRAM,nvbit=COMRAM,rbss=COMRAM,rbit=COMRAM \
  -pfarbss=FARRAM,fardata=FARRAM,nvFARRAM=FARRAM \
  -pintsave_regs=BIGRAM,bigbss=BIGRAM,bigdata=BIGRAM -pbss=RAM \
  -pidata=CODE,irdata=CODE,ibigdata=CODE,ifardata=CODE -prparam=COMRAM \
  C:\Users\lfljp\AppData\Local\Temp\xcAsbis.\driver_tmp_9.o \
  dist/default/debug\PBLE02.X.debug.o 

Object code version is 3.11

Machine type is 18F4550



                Name                               Link     Load   Length Selector   Space Scale
C:\Users\lfljp\AppData\Local\Temp\xcAsbis.\driver_tmp_9.o
                config                           300000   300000        8        0       4
                init                                  2        2        4        0       0
                reset_vec                             0        0        2        0       0
dist/default/debug\PBLE02.X.debug.o
                config                           300000   300000        8        0       4
                mediumconst                        7C02     7C02      13E     3E01       0
                text64                             5992     5992        A     2CC9       0
                text63                             59A6     59A6       10     2CD3       0
                text62                             62BC     62BC       A4     315E       0
                text61                             5C9E     5C9E       2E     2E4F       0
                text60                             5A44     5A44       18     2D22       0
                text59                             5978     5978        6     2CBC       0
                text58                             61CC     61CC       78     30E6       0
                text57                             5EC6     5EC6       48     2F63       0
                text56                             6244     6244       78     3122       0
                text55                             597E     597E        6     2CBF       0
                text54                             5A74     5A74       1A     2D3A       0
                text53                             5970     5970        4     2CB8       0
                text52                             5AE8     5AE8       26     2D74       0
                text51                             60B2     60B2       5C     3059       0
                text50                             5C72     5C72       2C     2E39       0
                text49                             6410     6410       C4     3208       0
                text48                             6360     6360       B0     31B0       0
                text47                             65CE     65CE      156     32E7       0
                text46                             5A2E     5A2E       16     2D17       0
                text45                             610E     610E       5E     3087       0
                text44                             5A8E     5A8E       1C     2D47       0
                text43                             596E     596E        2     2CB7       0
                text42                             688E     688E      24E     3447       0
                text41                             6ADC     6ADC      24E     356E       0
                text40                             5BF4     5BF4       2A     2DFA       0
                text39                             6724     6724      16A     3392       0
                text38                             5D5A     5D5A       38     2EAD       0
                text37                             5D92     5D92       38     2EC9       0
                text36                             5D28     5D28       32     2E94       0
                text35                             5C1E     5C1E       2A     2E0F       0
                text34                             5E3A     5E3A       46     2F1D       0
                text33                             5CCC     5CCC       2E     2E66       0
                text32                             605A     605A       58     302D       0
                text31                             616C     616C       60     30B6       0
                text30                             5CFA     5CFA       2E     2E7D       0
                text29                             5B0E     5B0E       26     2D87       0
                text28                             5B34     5B34       26     2D9A       0
                text27                             5B5A     5B5A       26     2DAD       0
                text26                             5A5C     5A5C       18     2D2E       0
                text25                             5B80     5B80       26     2DC0       0
                text24                             5BA6     5BA6       26     2DD3       0
                text23                             6D2A     6D2A      4C0     3695       0
                text22                             5974     5974        4     2CBA       0
                text21                             5F5C     5F5C       54     2FAE       0
                text20                             5E80     5E80       46     2F40       0
                text19                             5DCA     5DCA       38     2EE5       0
                text18                             5E02     5E02       38     2F01       0
                text17                             59B6     59B6       10     2CDB       0
                text16                             59C6     59C6       10     2CE3       0
                text15                             599C     599C        A     2CCE       0
                text14                             59D6     59D6       10     2CEB       0
                text13                             59E6     59E6       10     2CF3       0
                text12                             5AAA     5AAA       1E     2D55       0
                text11                             64D4     64D4       FA     326A       0
                text10                             6004     6004       56     3002       0
                text9                              76B0     76B0      552     3B58       0
                text8                              598A     598A        8     2CC5       0
                text7                              59F6     59F6       10     2CFB       0
                text6                              5F0E     5F0E       4E     2F87       0
                text5                              5A06     5A06       14     2D03       0
                text4                              71EA     71EA      4C6     38F5       0
                text3                              5C48     5C48       2A     2E24       0
                text2                              5984     5984        6     2CC2       0
                text1                              5A1A     5A1A       14     2D0D       0
                text0                              5BCC     5BCC       28     2DE6       0
                cstackCOMRAM                          1        1       46        1       1
                dataBANK0                            60       60       20       60       1
                bssBANK0                             80       80       15       60       1
                dataCOMRAM                           5F       5F        1        1       1
                bssCOMRAM                            47       47       18        1       1
                cinit                              5FB0     5FB0       54     2FD8       0
                idataBANK0                         5AC8     5AC8       20     5AC8       0
                idataCOMRAM                        596D     596D        1     596D       0

TOTAL           Name                               Link     Load   Length     Space
        CLASS   CODE           
                init                                  2        2        4         0
                reset_vec                             0        0        2         0
                text64                             5992     5992        A         0
                text63                             59A6     59A6       10         0
                text62                             62BC     62BC       A4         0
                text61                             5C9E     5C9E       2E         0
                text60                             5A44     5A44       18         0
                text59                             5978     5978        6         0
                text58                             61CC     61CC       78         0
                text57                             5EC6     5EC6       48         0
                text56                             6244     6244       78         0
                text55                             597E     597E        6         0
                text54                             5A74     5A74       1A         0
                text53                             5970     5970        4         0
                text52                             5AE8     5AE8       26         0
                text51                             60B2     60B2       5C         0
                text50                             5C72     5C72       2C         0
                text49                             6410     6410       C4         0
                text48                             6360     6360       B0         0
                text47                             65CE     65CE      156         0
                text46                             5A2E     5A2E       16         0
                text45                             610E     610E       5E         0
                text44                             5A8E     5A8E       1C         0
                text43                             596E     596E        2         0
                text42                             688E     688E      24E         0
                text41                             6ADC     6ADC      24E         0
                text40                             5BF4     5BF4       2A         0
                text39                             6724     6724      16A         0
                text38                             5D5A     5D5A       38         0
                text37                             5D92     5D92       38         0
                text36                             5D28     5D28       32         0
                text35                             5C1E     5C1E       2A         0
                text34                             5E3A     5E3A       46         0
                text33                             5CCC     5CCC       2E         0
                text32                             605A     605A       58         0
                text31                             616C     616C       60         0
                text30                             5CFA     5CFA       2E         0
                text29                             5B0E     5B0E       26         0
                text28                             5B34     5B34       26         0
                text27                             5B5A     5B5A       26         0
                text26                             5A5C     5A5C       18         0
                text25                             5B80     5B80       26         0
                text24                             5BA6     5BA6       26         0
                text23                             6D2A     6D2A      4C0         0
                text22                             5974     5974        4         0
                text21                             5F5C     5F5C       54         0
                text20                             5E80     5E80       46         0
                text19                             5DCA     5DCA       38         0
                text18                             5E02     5E02       38         0
                text17                             59B6     59B6       10         0
                text16                             59C6     59C6       10         0
                text15                             599C     599C        A         0
                text14                             59D6     59D6       10         0
                text13                             59E6     59E6       10         0
                text12                             5AAA     5AAA       1E         0
                text11                             64D4     64D4       FA         0
                text10                             6004     6004       56         0
                text9                              76B0     76B0      552         0
                text8                              598A     598A        8         0
                text7                              59F6     59F6       10         0
                text6                              5F0E     5F0E       4E         0
                text5                              5A06     5A06       14         0
                text4                              71EA     71EA      4C6         0
                text3                              5C48     5C48       2A         0
                text2                              5984     5984        6         0
                text1                              5A1A     5A1A       14         0
                text0                              5BCC     5BCC       28         0
                cinit                              5FB0     5FB0       54         0
                idataBANK0                         5AC8     5AC8       20         0
                idataCOMRAM                        596D     596D        1         0

        CLASS   CONST          

        CLASS   SMALLCONST     

        CLASS   MEDIUMCONST    
                mediumconst                        7C02     7C02      13E         0

        CLASS   COMRAM         
                cstackCOMRAM                          1        1       46         1
                dataCOMRAM                           5F       5F        1         1
                bssCOMRAM                            47       47       18         1

        CLASS   ABS1           

        CLASS   BIGRAM         

        CLASS   RAM            

        CLASS   BANK0          
                dataBANK0                            60       60       20         1
                bssBANK0                             80       80       15         1

        CLASS   BANK1          

        CLASS   BANK2          

        CLASS   BANK3          

        CLASS   BANK4          

        CLASS   BANK5          

        CLASS   BANK6          

        CLASS   BANK7          

        CLASS   SFR            

        CLASS   BIGSFR         

        CLASS   CONFIG         
                config                           300000   300000        8         4

        CLASS   IDLOC          

        CLASS   EEDATA         

        CLASS   FARRAM         

        CLASS   HEAP           

        CLASS   STACK          



SEGMENTS        Name                           Load    Length   Top    Selector   Space  Class

                reset_vec                      000000  000006  000006         0       0  CODE    
                cstackCOMRAM                   000001  00005F  000060         1       1  COMRAM  
                dataBANK0                      000060  000035  000095        60       1  BANK0   
                idataCOMRAM                    00596D  000001  00596E      596D       0  CODE    
                text43                         00596E  000002  005970      2CB7       0  CODE    
                text53                         005970  000004  005974      2CB8       0  CODE    
                text22                         005974  000004  005978      2CBA       0  CODE    
                text59                         005978  000006  00597E      2CBC       0  CODE    
                text55                         00597E  000006  005984      2CBF       0  CODE    
                text2                          005984  000006  00598A      2CC2       0  CODE    
                text8                          00598A  000008  005992      2CC5       0  CODE    
                text64                         005992  00000A  00599C      2CC9       0  CODE    
                text15                         00599C  00000A  0059A6      2CCE       0  CODE    
                text63                         0059A6  000010  0059B6      2CD3       0  CODE    
                text17                         0059B6  000010  0059C6      2CDB       0  CODE    
                text16                         0059C6  000010  0059D6      2CE3       0  CODE    
                text14                         0059D6  000010  0059E6      2CEB       0  CODE    
                text13                         0059E6  000010  0059F6      2CF3       0  CODE    
                text7                          0059F6  000010  005A06      2CFB       0  CODE    
                text5                          005A06  000014  005A1A      2D03       0  CODE    
                text1                          005A1A  000014  005A2E      2D0D       0  CODE    
                text46                         005A2E  000016  005A44      2D17       0  CODE    
                text60                         005A44  000018  005A5C      2D22       0  CODE    
                text26                         005A5C  000018  005A74      2D2E       0  CODE    
                text54                         005A74  00001A  005A8E      2D3A       0  CODE    
                text44                         005A8E  00001C  005AAA      2D47       0  CODE    
                text12                         005AAA  00001E  005AC8      2D55       0  CODE    
                idataBANK0                     005AC8  000020  005AE8      5AC8       0  CODE    
                text52                         005AE8  000026  005B0E      2D74       0  CODE    
                text29                         005B0E  000026  005B34      2D87       0  CODE    
                text28                         005B34  000026  005B5A      2D9A       0  CODE    
                text27                         005B5A  000026  005B80      2DAD       0  CODE    
                text25                         005B80  000026  005BA6      2DC0       0  CODE    
                text24                         005BA6  000026  005BCC      2DD3       0  CODE    
                text0                          005BCC  000028  005BF4      2DE6       0  CODE    
                text40                         005BF4  00002A  005C1E      2DFA       0  CODE    
                text35                         005C1E  00002A  005C48      2E0F       0  CODE    
                text3                          005C48  00002A  005C72      2E24       0  CODE    
                text50                         005C72  00002C  005C9E      2E39       0  CODE    
                text61                         005C9E  00002E  005CCC      2E4F       0  CODE    
                text33                         005CCC  00002E  005CFA      2E66       0  CODE    
                text30                         005CFA  00002E  005D28      2E7D       0  CODE    
                text36                         005D28  000032  005D5A      2E94       0  CODE    
                text38                         005D5A  000038  005D92      2EAD       0  CODE    
                text37                         005D92  000038  005DCA      2EC9       0  CODE    
                text19                         005DCA  000038  005E02      2EE5       0  CODE    
                text18                         005E02  000038  005E3A      2F01       0  CODE    
                text34                         005E3A  000046  005E80      2F1D       0  CODE    
                text20                         005E80  000046  005EC6      2F40       0  CODE    
                text57                         005EC6  000048  005F0E      2F63       0  CODE    
                text6                          005F0E  00004E  005F5C      2F87       0  CODE    
                text21                         005F5C  000054  005FB0      2FAE       0  CODE    
                cinit                          005FB0  000054  006004      2FD8       0  CODE    
                text10                         006004  000056  00605A      3002       0  CODE    
                text32                         00605A  000058  0060B2      302D       0  CODE    
                text51                         0060B2  00005C  00610E      3059       0  CODE    
                text45                         00610E  00005E  00616C      3087       0  CODE    
                text31                         00616C  000060  0061CC      30B6       0  CODE    
                text58                         0061CC  000078  006244      30E6       0  CODE    
                text56                         006244  000078  0062BC      3122       0  CODE    
                text62                         0062BC  0000A4  006360      315E       0  CODE    
                text48                         006360  0000B0  006410      31B0       0  CODE    
                text49                         006410  0000C4  0064D4      3208       0  CODE    
                text11                         0064D4  0000FA  0065CE      326A       0  CODE    
                text47                         0065CE  000156  006724      32E7       0  CODE    
                text39                         006724  00016A  00688E      3392       0  CODE    
                text42                         00688E  00024E  006ADC      3447       0  CODE    
                text41                         006ADC  00024E  006D2A      356E       0  CODE    
                text23                         006D2A  0004C0  0071EA      3695       0  CODE    
                text4                          0071EA  0004C6  0076B0      38F5       0  CODE    
                text9                          0076B0  000552  007C02      3B58       0  CODE    
                mediumconst                    007C02  00013E  007D40      3E01       0  MEDIUMCO


UNUSED ADDRESS RANGES

        Name                Unused          Largest block    Delta
        BANK0            000095-0000FF               6B
        BANK1            000100-0001FF              100
        BANK2            000200-0002FF              100
        BANK3            000300-0003EE               EF
        BANK4            000400-0004FF              100
        BANK5            000500-0005FF              100
        BANK6            000600-0006FF              100
        BANK7            000700-0007FF              100
        BIGRAM           000095-0003EE              35A
                         000400-0007FF              400
        BIGSFR           000F60-000F9B               3C
                         000F9D-000FD3               37
                         000FD5-000FDA                6
                         000FE0-000FE2                3
                         000FE8-000FEA                3
                         000FF0-000FFB                C
        CODE             000006-00596C             5967
        CONFIG           300008-30000D                6
        CONST            000006-00596C             5967
        EEDATA           F00000-F000FF              100
        IDLOC            200000-200007                8
        MEDIUMCONST      000800-00596C             516D
        RAM              000095-0003EE              100
                         000400-0007FF              100
        SFR              000F60-000F9B               3C
                         000F9D-000FD3               37
                         000FD5-000FDA                6
                         000FE0-000FE2                3
                         000FE8-000FEA                3
                         000FF0-000FFB                C
        SMALLCONST       000800-00596C              100

                                  Symbol Table

?_ADC_Read                       cstackCOMRAM 000001
?___awdiv                        cstackCOMRAM 000001
?___awmod                        cstackCOMRAM 000009
?___wmul                         cstackCOMRAM 000001
?_digitalRead                    cstackCOMRAM 000001
?_dsReadData                     cstackCOMRAM 00000E
?_eventRead                      cstackCOMRAM 00002C
?_getAlarmLowerLevel             cstackCOMRAM 000013
?_getAlarmUpperLevel             cstackCOMRAM 000013
?_getLevel                       cstackCOMRAM 000001
?_pow10                          cstackCOMRAM 000007
ADC_Read@channel                 cstackCOMRAM 000005
Delay2ms@j                       cstackCOMRAM 000001
Delay2ms@k                       cstackCOMRAM 000002
Delay40us@j                      cstackCOMRAM 000001
_ADCON0                          (abs)        000FC2
_ADCON0bits                      (abs)        000FC2
_ADCON1                          (abs)        000FC1
_ADCON2                          (abs)        000FC0
_ADC_Init                        text7        0059F6
_ADC_Read                        text6        005F0E
_ADRESH                          (abs)        000FC4
_ADRESL                          (abs)        000FC3
_BAUDCON                         (abs)        000FB8
_Delay2ms                        text61       005C9E
_Delay40us                       text60       005A44
_I2C_delay                       text43       00596E
_PIR1                            (abs)        000F9E
_PORTA                           (abs)        000F80
_PORTB                           (abs)        000F81
_PORTC                           (abs)        000F82
_PORTD                           (abs)        000F83
_PORTE                           (abs)        000F84
_RCREG                           (abs)        000FAE
_RCSTA                           (abs)        000FAB
_SPBRG                           (abs)        000FAF
_SPBRGH                          (abs)        000FB0
_TRISA                           (abs)        000F92
_TRISB                           (abs)        000F93
_TRISC                           (abs)        000F94
_TRISD                           (abs)        000F95
_TRISE                           (abs)        000F96
_TXREG                           (abs)        000FAD
_TXSTA                           (abs)        000FAC
__HRAM                           (abs)        000000
__H__absolute__                  __absolute__ 000000
__Habs1                          abs1         000000
__Hbank0                         bank0        000000
__Hbank1                         bank1        000000
__Hbank2                         bank2        000000
__Hbank3                         bank3        000000
__Hbank4                         bank4        000000
__Hbank5                         bank5        000000
__Hbank6                         bank6        000000
__Hbank7                         bank7        000000
__Hbigbss                        bigbss       000000
__Hbigdata                       bigdata      000000
__Hbigram                        bigram       000000
__Hbigsfr                        bigsfr       000000
__Hbss                           bss          000000
__HbssBANK0                      bssBANK0     000000
__HbssCOMRAM                     bssCOMRAM    000000
__Hcinit                         cinit        000000
__Hclrtext                       clrtext      000000
__Hcomram                        comram       000000
__Hconfig                        config       300008
__Hconst                         const        000000
__HcstackCOMRAM                  cstackCOMRAM 000000
__Hdata                          data         000000
__HdataBANK0                     dataBANK0    000000
__HdataCOMRAM                    dataCOMRAM   000000
__Heeprom_data                   eeprom_data  000000
__Hfarbss                        farbss       000000
__Hfardata                       fardata      000000
__Hheap                          heap         000000
__Hibigdata                      ibigdata     000000
__Hidata                         idata        000000
__HidataBANK0                    idataBANK0   000000
__HidataCOMRAM                   idataCOMRAM  000000
__Hidloc                         idloc        000000
__Hifardata                      ifardata     000000
__Hinit                          init         000006
__Hintcode                       intcode      000002
__Hintcode_body                  intcode_body 000000
__Hintcodelo                     intcodelo    000002
__Hintentry                      intentry     000000
__Hintret                        intret       000000
__Hintsave_regs                  intsave_regs 000000
__Hirdata                        irdata       000000
__Hmediumconst                   mediumconst  007D40
__HnvFARRAM                      nvFARRAM     000000
__Hnvbit                         nvbit        000000
__Hnvrram                        nvrram       000000
__Hparam                         rparam       000000
__Hpowerup                       powerup      000002
__Hram                           ram          000000
__Hramtop                        ramtop       000800
__Hrbit                          rbit         000000
__Hrbss                          rbss         000000
__Hrdata                         rdata        000000
__Hreset_vec                     reset_vec    000002
__Hrparam                        rparam       000000
__Hsfr                           sfr          000000
__Hsivt_hi                       sivt_hi      000002
__Hsivt_lo                       sivt_lo      000002
__Hsmallconst                    smallconst   000000
__Hspace_0                       (abs)        007D40
__Hspace_1                       (abs)        000095
__Hspace_2                       (abs)        000000
__Hspace_4                       (abs)        600008
__Hstack                         stack        000000
__Hstruct                        struct       000000
__Htemp                          temp         000000
__Htext                          text         000000
__Htext0                         text0        000000
__Htext1                         text1        000000
__Htext10                        text10       000000
__Htext11                        text11       000000
__Htext12                        text12       000000
__Htext13                        text13       000000
__Htext14                        text14       000000
__Htext15                        text15       000000
__Htext16                        text16       000000
__Htext17                        text17       000000
__Htext18                        text18       000000
__Htext19                        text19       000000
__Htext2                         text2        000000
__Htext20                        text20       000000
__Htext21                        text21       000000
__Htext22                        text22       000000
__Htext23                        text23       000000
__Htext24                        text24       000000
__Htext25                        text25       000000
__Htext26                        text26       000000
__Htext27                        text27       000000
__Htext28                        text28       000000
__Htext29                        text29       000000
__Htext3                         text3        000000
__Htext30                        text30       000000
__Htext31                        text31       000000
__Htext32                        text32       000000
__Htext33                        text33       000000
__Htext34                        text34       000000
__Htext35                        text35       000000
__Htext36                        text36       000000
__Htext37                        text37       000000
__Htext38                        text38       000000
__Htext39                        text39       000000
__Htext4                         text4        000000
__Htext40                        text40       000000
__Htext41                        text41       000000
__Htext42                        text42       000000
__Htext43                        text43       000000
__Htext44                        text44       000000
__Htext45                        text45       000000
__Htext46                        text46       000000
__Htext47                        text47       000000
__Htext48                        text48       000000
__Htext49                        text49       000000
__Htext5                         text5        000000
__Htext50                        text50       000000
__Htext51                        text51       000000
__Htext52                        text52       000000
__Htext53                        text53       000000
__Htext54                        text54       000000
__Htext55                        text55       000000
__Htext56                        text56       000000
__Htext57                        text57       000000
__Htext58                        text58       000000
__Htext59                        text59       000000
__Htext6                         text6        000000
__Htext60                        text60       000000
__Htext61                        text61       000000
__Htext62                        text62       000000
__Htext63                        text63       000000
__Htext64                        text64       000000
__Htext7                         text7        000000
__Htext8                         text8        000000
__Htext9                         text9        000000
__LRAM                           (abs)        000001
__L__absolute__                  __absolute__ 000000
__Labs1                          abs1         000000
__Lbank0                         bank0        000000
__Lbank1                         bank1        000000
__Lbank2                         bank2        000000
__Lbank3                         bank3        000000
__Lbank4                         bank4        000000
__Lbank5                         bank5        000000
__Lbank6                         bank6        000000
__Lbank7                         bank7        000000
__Lbigbss                        bigbss       000000
__Lbigdata                       bigdata      000000
__Lbigram                        bigram       000000
__Lbigsfr                        bigsfr       000000
__Lbss                           bss          000000
__LbssBANK0                      bssBANK0     000000
__LbssCOMRAM                     bssCOMRAM    000000
__Lcinit                         cinit        000000
__Lclrtext                       clrtext      000000
__Lcomram                        comram       000000
__Lconfig                        config       000000
__Lconst                         const        000000
__LcstackCOMRAM                  cstackCOMRAM 000000
__Ldata                          data         000000
__LdataBANK0                     dataBANK0    000000
__LdataCOMRAM                    dataCOMRAM   000000
__Leeprom_data                   eeprom_data  000000
__Lfarbss                        farbss       000000
__Lfardata                       fardata      000000
__Lheap                          heap         000000
__Libigdata                      ibigdata     000000
__Lidata                         idata        000000
__LidataBANK0                    idataBANK0   000000
__LidataCOMRAM                   idataCOMRAM  000000
__Lidloc                         idloc        000000
__Lifardata                      ifardata     000000
__Linit                          init         000002
__Lintcode                       intcode      000002
__Lintcode_body                  intcode_body 000000
__Lintcodelo                     intcodelo    000002
__Lintentry                      intentry     000000
__Lintret                        intret       000000
__Lintsave_regs                  intsave_regs 000000
__Lirdata                        irdata       000000
__Lmediumconst                   mediumconst  007C02
__LnvFARRAM                      nvFARRAM     000000
__Lnvbit                         nvbit        000000
__Lnvrram                        nvrram       000000
__Lparam                         rparam       000000
__Lpowerup                       powerup      000002
__Lram                           ram          000000
__Lramtop                        ramtop       000800
__Lrbit                          rbit         000000
__Lrbss                          rbss         000000
__Lrdata                         rdata        000000
__Lreset_vec                     reset_vec    000000
__Lrparam                        rparam       000000
__Lsfr                           sfr          000000
__Lsivt_hi                       sivt_hi      000002
__Lsivt_lo                       sivt_lo      000002
__Lsmallconst                    smallconst   000000
__Lspace_0                       (abs)        000000
__Lspace_1                       (abs)        000000
__Lspace_2                       (abs)        000000
__Lspace_4                       (abs)        000000
__Lstack                         stack        000000
__Lstruct                        struct       000000
__Ltemp                          temp         000000
__Ltext                          text         000000
__Ltext0                         text0        000000
__Ltext1                         text1        000000
__Ltext10                        text10       000000
__Ltext11                        text11       000000
__Ltext12                        text12       000000
__Ltext13                        text13       000000
__Ltext14                        text14       000000
__Ltext15                        text15       000000
__Ltext16                        text16       000000
__Ltext17                        text17       000000
__Ltext18                        text18       000000
__Ltext19                        text19       000000
__Ltext2                         text2        000000
__Ltext20                        text20       000000
__Ltext21                        text21       000000
__Ltext22                        text22       000000
__Ltext23                        text23       000000
__Ltext24                        text24       000000
__Ltext25                        text25       000000
__Ltext26                        text26       000000
__Ltext27                        text27       000000
__Ltext28                        text28       000000
__Ltext29                        text29       000000
__Ltext3                         text3        000000
__Ltext30                        text30       000000
__Ltext31                        text31       000000
__Ltext32                        text32       000000
__Ltext33                        text33       000000
__Ltext34                        text34       000000
__Ltext35                        text35       000000
__Ltext36                        text36       000000
__Ltext37                        text37       000000
__Ltext38                        text38       000000
__Ltext39                        text39       000000
__Ltext4                         text4        000000
__Ltext40                        text40       000000
__Ltext41                        text41       000000
__Ltext42                        text42       000000
__Ltext43                        text43       000000
__Ltext44                        text44       000000
__Ltext45                        text45       000000
__Ltext46                        text46       000000
__Ltext47                        text47       000000
__Ltext48                        text48       000000
__Ltext49                        text49       000000
__Ltext5                         text5        000000
__Ltext50                        text50       000000
__Ltext51                        text51       000000
__Ltext52                        text52       000000
__Ltext53                        text53       000000
__Ltext54                        text54       000000
__Ltext55                        text55       000000
__Ltext56                        text56       000000
__Ltext57                        text57       000000
__Ltext58                        text58       000000
__Ltext59                        text59       000000
__Ltext6                         text6        000000
__Ltext60                        text60       000000
__Ltext61                        text61       000000
__Ltext62                        text62       000000
__Ltext63                        text63       000000
__Ltext64                        text64       000000
__Ltext7                         text7        000000
__Ltext8                         text8        000000
__Ltext9                         text9        000000
__S0                             (abs)        007D40
__S1                             (abs)        000095
__S4                             (abs)        000000
__S5                             (abs)        000000
___awdiv                         text49       006410
___awdiv@counter                 cstackCOMRAM 000005
___awdiv@dividend                cstackCOMRAM 000001
___awdiv@divisor                 cstackCOMRAM 000003
___awdiv@quotient                cstackCOMRAM 000007
___awdiv@sign                    cstackCOMRAM 000006
___awmod                         text48       006360
___awmod@counter                 cstackCOMRAM 00000D
___awmod@dividend                cstackCOMRAM 000009
___awmod@divisor                 cstackCOMRAM 00000B
___awmod@sign                    cstackCOMRAM 00000E
___heap_hi                       (abs)        000000
___heap_lo                       (abs)        000000
___inthi_sp                      stack        000000
___inthi_stack_hi                stack        000000
___inthi_stack_lo                stack        000000
___intlo_sp                      stack        000000
___intlo_stack_hi                stack        000000
___intlo_stack_lo                stack        000000
___param_bank                    (abs)        000000
___rparam_used                   (abs)        000001
___sp                            stack        000000
___stack_hi                      stack        000000
___stack_lo                      stack        000000
___wmul                          text52       005AE8
___wmul@multiplicand             cstackCOMRAM 000003
___wmul@multiplier               cstackCOMRAM 000001
___wmul@product                  cstackCOMRAM 000005
__accesstop                      (abs)        000060
__activetblptr                   (abs)        000002
__end_of_ADC_Init                text7        005A06
__end_of_ADC_Read                text6        005F5C
__end_of_Delay2ms                text61       005CCC
__end_of_Delay40us               text60       005A5C
__end_of_I2C_delay               text43       005970
__end_of___awdiv                 text49       0064D4
__end_of___awmod                 text48       006410
__end_of___wmul                  text52       005B0E
__end_of__initialization         cinit        005FFA
__end_of_clear_SCL               text40       005C1E
__end_of_clear_SDA               text35       005C48
__end_of_digitalRead             text39       00688E
__end_of_digitalWrite            text42       006ADC
__end_of_dsInit                  text2        00598A
__end_of_dsReadData              text20       005EC6
__end_of_dsWriteData             text30       005D28
__end_of_eventInit               text63       0059B6
__end_of_eventRead               text23       0071EA
__end_of_getAlarmLowerLevel      text19       005E02
__end_of_getAlarmUpperLevel      text18       005E3A
__end_of_getHOUR                 text17       0059C6
__end_of_getLanguage             text16       0059D6
__end_of_getLevel                text15       0059A6
__end_of_getMIN                  text14       0059E6
__end_of_getSEC                  text13       0059F6
__end_of_getState                text22       005978
__end_of_i2cInit                 text3        005C72
__end_of_i2cReadByte             text21       005FB0
__end_of_i2cWriteByte            text31       0061CC
__end_of_i2c_read_bit            text36       005D5A
__end_of_i2c_start               text34       005E80
__end_of_i2c_stop                text33       005CFA
__end_of_i2c_write_bit           text32       0060B2
__end_of_intToStr                text47       006724
__end_of_kpDebounce              text62       006360
__end_of_kpInit                  text64       00599C
__end_of_kpRead                  text53       005974
__end_of_lcdCommand              text57       005F0E
__end_of_lcdCommand4bits         text58       006244
__end_of_lcdData                 text12       005AC8
__end_of_lcdInit                 text56       0062BC
__end_of_lcdInt                  text11       0065CE
__end_of_lcdString               text10       00605A
__end_of_main                    text0        005BF4
__end_of_outputInit              text55       005984
__end_of_outputPrint             text9        007C02
__end_of_pinMode                 text41       006D2A
__end_of_pow10                   text51       00610E
__end_of_pulseEnable             text59       00597E
__end_of_read_SCL                text38       005D92
__end_of_read_SDA                text37       005DCA
__end_of_serialInit              text54       005A8E
__end_of_serialRead              text50       005C9E
__end_of_serialSend              text46       005A44
__end_of_serialSendInt           text44       005AAA
__end_of_serialSendString        text45       00616C
__end_of_setAlarmLowerLevel      text29       005B34
__end_of_setAlarmUpperLevel      text28       005B5A
__end_of_setHOUR                 text27       005B80
__end_of_setLanguage             text26       005A74
__end_of_setMIN                  text25       005BA6
__end_of_setSEC                  text24       005BCC
__end_of_setState                text8        005992
__end_of_smLoop                  text4        0076B0
__end_of_updateLevel             text5        005A1A
__end_of_varInit                 text1        005A2E
__initialization                 cinit        005FB0
__mediumconst                    mediumconst  007C02
__pbssBANK0                      bssBANK0     000080
__pbssCOMRAM                     bssCOMRAM    000047
__pcinit                         cinit        005FB0
__pcstackCOMRAM                  cstackCOMRAM 000001
__pdataBANK0                     dataBANK0    000060
__pdataCOMRAM                    dataCOMRAM   00005F
__pidataBANK0                    idataBANK0   005AC8
__pidataCOMRAM                   idataCOMRAM  00596D
__pmediumconst                   mediumconst  007C02
__ptext0                         text0        005BCC
__ptext1                         text1        005A1A
__ptext10                        text10       006004
__ptext11                        text11       0064D4
__ptext12                        text12       005AAA
__ptext13                        text13       0059E6
__ptext14                        text14       0059D6
__ptext15                        text15       00599C
__ptext16                        text16       0059C6
__ptext17                        text17       0059B6
__ptext18                        text18       005E02
__ptext19                        text19       005DCA
__ptext2                         text2        005984
__ptext20                        text20       005E80
__ptext21                        text21       005F5C
__ptext22                        text22       005974
__ptext23                        text23       006D2A
__ptext24                        text24       005BA6
__ptext25                        text25       005B80
__ptext26                        text26       005A5C
__ptext27                        text27       005B5A
__ptext28                        text28       005B34
__ptext29                        text29       005B0E
__ptext3                         text3        005C48
__ptext30                        text30       005CFA
__ptext31                        text31       00616C
__ptext32                        text32       00605A
__ptext33                        text33       005CCC
__ptext34                        text34       005E3A
__ptext35                        text35       005C1E
__ptext36                        text36       005D28
__ptext37                        text37       005D92
__ptext38                        text38       005D5A
__ptext39                        text39       006724
__ptext4                         text4        0071EA
__ptext40                        text40       005BF4
__ptext41                        text41       006ADC
__ptext42                        text42       00688E
__ptext43                        text43       00596E
__ptext44                        text44       005A8E
__ptext45                        text45       00610E
__ptext46                        text46       005A2E
__ptext47                        text47       0065CE
__ptext48                        text48       006360
__ptext49                        text49       006410
__ptext5                         text5        005A06
__ptext50                        text50       005C72
__ptext51                        text51       0060B2
__ptext52                        text52       005AE8
__ptext53                        text53       005970
__ptext54                        text54       005A74
__ptext55                        text55       00597E
__ptext56                        text56       006244
__ptext57                        text57       005EC6
__ptext58                        text58       0061CC
__ptext59                        text59       005978
__ptext6                         text6        005F0E
__ptext60                        text60       005A44
__ptext61                        text61       005C9E
__ptext62                        text62       0062BC
__ptext63                        text63       0059A6
__ptext64                        text64       005992
__ptext7                         text7        0059F6
__ptext8                         text8        00598A
__ptext9                         text9        0076B0
__ramtop                         ramtop       000800
__smallconst                     smallconst   000000
_clear_SCL                       text40       005BF4
_clear_SDA                       text35       005C1E
_digitalRead                     text39       006724
_digitalWrite                    text42       00688E
_dsInit                          text2        005984
_dsReadData                      text20       005E80
_dsWriteData                     text30       005CFA
_eventInit                       text63       0059A6
_eventRead                       text23       006D2A
_eventRead$1298                  cstackCOMRAM 00003A
_flag                            bssBANK0     00008A
_getAlarmLowerLevel              text19       005DCA
_getAlarmUpperLevel              text18       005E02
_getHOUR                         text17       0059B6
_getLanguage                     text16       0059C6
_getLevel                        text15       00599C
_getMIN                          text14       0059D6
_getSEC                          text13       0059E6
_getState                        text22       005974
_i2cInit                         text3        005C48
_i2cReadByte                     text21       005F5C
_i2cWriteByte                    text31       00616C
_i2c_read_bit                    text36       005D28
_i2c_start                       text34       005E3A
_i2c_stop                        text33       005CCC
_i2c_write_bit                   text32       00605A
_intToStr                        text47       0065CE
_key_ant                         bssBANK0     00008C
_kpDebounce                      text62       0062BC
_kpInit                          text64       005992
_kpRead                          text53       005970
_language                        bssCOMRAM    000057
_lcdCommand                      text57       005EC6
_lcdCommand4bits                 text58       0061CC
_lcdData                         text12       005AAA
_lcdInit                         text56       006244
_lcdInt                          text11       0064D4
_lcdString                       text10       006004
_level                           bssBANK0     000088
_level@var$F512                  bssBANK0     000080
_main                            text0        005BCC
_msgs                            dataBANK0    000060
_outputInit                      text55       00597E
_outputPrint                     text9        0076B0
_pinMode                         text41       006ADC
_pow10                           text51       0060B2
_pulseEnable                     text59       005978
_read_SCL                        text38       005D5A
_read_SDA                        text37       005D92
_reading_protocol                bssCOMRAM    00005A
_send                            bssBANK0     000086
_serialInit                      text54       005A74
_serialRead                      text50       005C72
_serialSend                      text46       005A2E
_serialSendInt                   text44       005A8E
_serialSendString                text45       00610E
_serial_out                      dataBANK0    00007C
_setAlarmLowerLevel              text29       005B0E
_setAlarmUpperLevel              text28       005B34
_setHOUR                         text27       005B5A
_setLanguage                     text26       005A5C
_setMIN                          text25       005B80
_setSEC                          text24       005BA6
_setState                        text8        00598A
_smLoop                          text4        0071EA
_smLoop$1299                     cstackCOMRAM 000044
_started                         bssCOMRAM    00005B
_state                           bssCOMRAM    000058
_tecla                           bssCOMRAM    00005E
_timer                           bssCOMRAM    00004D
_updateLevel                     text5        005A06
_varInit                         text1        005A1A
digitalRead@pin                  cstackCOMRAM 000001
digitalWrite@pin                 cstackCOMRAM 000001
digitalWrite@value               cstackCOMRAM 000003
dsReadData@address               cstackCOMRAM 00000E
dsReadData@result                cstackCOMRAM 000011
dsWriteData@address              cstackCOMRAM 00000C
dsWriteData@value                cstackCOMRAM 00000E
end_of_initialization            cinit        005FFA
eventRead@data                   bssCOMRAM    000059
eventRead@envio                  bssBANK0     00008E
eventRead@ev                     cstackCOMRAM 00003C
eventRead@i                      cstackCOMRAM 00003E
eventRead@i_347                  cstackCOMRAM 000042
eventRead@i_352                  cstackCOMRAM 00003F
eventRead@key                    cstackCOMRAM 000040
eventRead@msg                    bssCOMRAM    000047
eventRead@value                  cstackCOMRAM 000038
getAlarmLowerLevel@a             bssCOMRAM    000052
getAlarmLowerLevel@b             bssCOMRAM    000051
getAlarmUpperLevel@a             bssCOMRAM    000056
getAlarmUpperLevel@b             bssCOMRAM    000055
i2cReadByte@bit                  cstackCOMRAM 00000B
i2cReadByte@byte                 cstackCOMRAM 00000D
i2cReadByte@nack                 cstackCOMRAM 00000A
i2cReadByte@send_stop            cstackCOMRAM 000008
i2cWriteByte@bit                 cstackCOMRAM 00000B
i2cWriteByte@byte                cstackCOMRAM 000009
i2cWriteByte@send_start          cstackCOMRAM 00000A
i2cWriteByte@send_stop           cstackCOMRAM 000008
i2c_read_bit@bit                 cstackCOMRAM 000007
i2c_write_bit@bit                cstackCOMRAM 000007
intToStr@buffer                  cstackCOMRAM 000011
intToStr@digit                   cstackCOMRAM 000013
intToStr@end                     cstackCOMRAM 00001A
intToStr@i                       cstackCOMRAM 00001C
intToStr@isNegative              cstackCOMRAM 000015
intToStr@start                   cstackCOMRAM 000018
intToStr@temp                    cstackCOMRAM 000017
intToStr@value                   cstackCOMRAM 00000F
intlevel0                        text         000000
intlevel1                        text         000000
intlevel2                        text         000000
intlevel3                        text         000000
isa$std                          (abs)        000001
isa$xinst                        (abs)        000000
kpDebounce@teclaNew              bssCOMRAM    00005C
kpDebounce@teclaOld              dataCOMRAM   00005F
kpDebounce@tempo                 bssCOMRAM    00005D
lcdCommand4bits@cmd              cstackCOMRAM 000002
lcdCommand4bits@data             cstackCOMRAM 000001
lcdCommand@cmd                   cstackCOMRAM 000003
lcdData@valor                    cstackCOMRAM 000003
lcdInit@i                        cstackCOMRAM 000004
lcdInt@val                       cstackCOMRAM 000017
lcdString@i                      cstackCOMRAM 000008
lcdString@msg                    cstackCOMRAM 000004
outputPrint@hour                 cstackCOMRAM 00001E
outputPrint@hour_482             cstackCOMRAM 000021
outputPrint@hour_485             cstackCOMRAM 000024
outputPrint@idioma               cstackCOMRAM 00001B
outputPrint@min                  cstackCOMRAM 00001F
outputPrint@min_483              cstackCOMRAM 000022
outputPrint@min_486              cstackCOMRAM 000025
outputPrint@numTela              cstackCOMRAM 000019
outputPrint@sec                  cstackCOMRAM 000020
outputPrint@sec_484              cstackCOMRAM 000023
outputPrint@sec_487              cstackCOMRAM 000026
pinMode@pin                      cstackCOMRAM 000001
pinMode@type                     cstackCOMRAM 000003
pow10@expoent                    cstackCOMRAM 000007
pow10@i                          cstackCOMRAM 00000A
pow10@result                     cstackCOMRAM 00000C
serialRead@resp                  cstackCOMRAM 000001
serialSend@c                     cstackCOMRAM 000001
serialSendInt@buffer             cstackCOMRAM 000020
serialSendInt@value              cstackCOMRAM 00001E
serialSendString@str             cstackCOMRAM 000013
setAlarmLowerLevel@a             bssCOMRAM    000050
setAlarmLowerLevel@b             bssCOMRAM    00004F
setAlarmLowerLevel@newAlarmLevel cstackCOMRAM 000017
setAlarmUpperLevel@a             bssCOMRAM    000054
setAlarmUpperLevel@b             bssCOMRAM    000053
setAlarmUpperLevel@newAlarmLevel cstackCOMRAM 000017
setHOUR@value                    cstackCOMRAM 00000F
setLanguage@newLanguage          cstackCOMRAM 00000F
setMIN@value                     cstackCOMRAM 00000F
setSEC@value                     cstackCOMRAM 00000F
setState@newState                cstackCOMRAM 000001
smLoop@evento                    cstackCOMRAM 000046
stackhi                          (abs)        000000
stacklo                          (abs)        000000
start                            init         000002
start_initialization             cinit        005FB0


MODULE INFORMATION

Module		Function		Class		Link	Load	Size
serial.c
		_intToStr      		CODE           	65CE	0000	342
		_serialSend    		CODE           	5A2E	0000	22
		_serialSendString		CODE           	610E	0000	94
		_serialInit    		CODE           	5A74	0000	26
		_serialSendInt 		CODE           	5A8E	0000	28
		_serialRead    		CODE           	5C72	0000	44

serial.c estimated size: 556

stateMachine.c
		_smLoop        		CODE           	71EA	0000	1222

stateMachine.c estimated size: 1222

keypad.c
		_kpInit        		CODE           	5992	0000	10
		_kpDebounce    		CODE           	62BC	0000	164
		_kpRead        		CODE           	5970	0000	4

keypad.c estimated size: 178

C:\Program Files\Microchip\xc8\v2.46\pic\sources\c99\common\awdiv.c
		___awdiv       		CODE           	6410	0000	196

C:\Program Files\Microchip\xc8\v2.46\pic\sources\c99\common\awdiv.c estimated size: 196

var.c
		_getLanguage   		CODE           	59C6	0000	16
		_getLevel      		CODE           	599C	0000	10
		_getMIN        		CODE           	59D6	0000	16
		_getSEC        		CODE           	59E6	0000	16
		_updateLevel   		CODE           	5A06	0000	20
		_setLanguage   		CODE           	5A5C	0000	24
		_varInit       		CODE           	5A1A	0000	20
		_setMIN        		CODE           	5B80	0000	38
		_setSEC        		CODE           	5BA6	0000	38
		_getState      		CODE           	5974	0000	4
		_setState      		CODE           	598A	0000	8
		_getHOUR       		CODE           	59B6	0000	16
		_getAlarmUpperLevel		CODE           	5E02	0000	56
		_getAlarmLowerLevel		CODE           	5DCA	0000	56
		_setHOUR       		CODE           	5B5A	0000	38
		_setAlarmUpperLevel		CODE           	5B34	0000	38
		_setAlarmLowerLevel		CODE           	5B0E	0000	38

var.c estimated size: 452

io.c
		_digitalRead   		CODE           	6724	0000	362
		_digitalWrite  		CODE           	688E	0000	590
		_pinMode       		CODE           	6ADC	0000	590

io.c estimated size: 1542

i2c.c
		_i2c_start     		CODE           	5E3A	0000	70
		_i2cReadByte   		CODE           	5F5C	0000	84
		_read_SCL      		CODE           	5D5A	0000	56
		_I2C_delay     		CODE           	596E	0000	2
		_clear_SDA     		CODE           	5C1E	0000	42
		_clear_SCL     		CODE           	5BF4	0000	42
		_i2cWriteByte  		CODE           	616C	0000	96
		_i2cInit       		CODE           	5C48	0000	42
		_i2c_stop      		CODE           	5CCC	0000	46
		_i2c_write_bit 		CODE           	605A	0000	88
		_i2c_read_bit  		CODE           	5D28	0000	50
		_read_SDA      		CODE           	5D92	0000	56

i2c.c estimated size: 674

ds1307.c
		_dsInit        		CODE           	5984	0000	6
		_dsWriteData   		CODE           	5CFA	0000	46
		_dsReadData    		CODE           	5E80	0000	70

ds1307.c estimated size: 122

adc.c
		_ADC_Read      		CODE           	5F0E	0000	78
		_ADC_Init      		CODE           	59F6	0000	16

adc.c estimated size: 94

output.c
		_outputPrint   		CODE           	76B0	0000	1362
		_outputInit    		CODE           	597E	0000	6

output.c estimated size: 1368

shared
		__initialization		CODE           	5FB0	0000	74

shared estimated size: 74

C:\Program Files\Microchip\xc8\v2.46\pic\sources\c99\common\Umul16.c
		___wmul        		CODE           	5AE8	0000	38

C:\Program Files\Microchip\xc8\v2.46\pic\sources\c99\common\Umul16.c estimated size: 38

lcd.c
		_lcdCommand    		CODE           	5EC6	0000	72
		_pulseEnable   		CODE           	5978	0000	6
		_lcdString     		CODE           	6004	0000	86
		_lcdCommand4bits		CODE           	61CC	0000	120
		_Delay40us     		CODE           	5A44	0000	24
		_lcdInt        		CODE           	64D4	0000	250
		_lcdInit       		CODE           	6244	0000	120
		_lcdData       		CODE           	5AAA	0000	30
		_Delay2ms      		CODE           	5C9E	0000	46

lcd.c estimated size: 754

C:\Program Files\Microchip\xc8\v2.46\pic\sources\c99\common\awmod.c
		___awmod       		CODE           	6360	0000	176

C:\Program Files\Microchip\xc8\v2.46\pic\sources\c99\common\awmod.c estimated size: 176

event.c
		_eventRead     		CODE           	6D2A	0000	1216
		_eventInit     		CODE           	59A6	0000	16
		_pow10         		CODE           	60B2	0000	92

event.c estimated size: 1324

main.c
		_main          		CODE           	5BCC	0000	40

main.c estimated size: 40

